------------------------------------------------------------
TimeQuest Timing Analyzer Summary
------------------------------------------------------------

Type  : Slow Model Setup 'CT2:D44|Data[0]'
Slack : -1.204
TNS   : -1.213

Type  : Slow Model Setup 'CT2:D44|Data[1]'
Slack : -1.198
TNS   : -1.202

Type  : Slow Model Setup 'M20'
Slack : -1.022
TNS   : -3.402

Type  : Slow Model Setup 'CT2:D50|Data[3]'
Slack : -0.021
TNS   : -0.029

Type  : Slow Model Hold 'M20'
Slack : -2.533
TNS   : -9.596

Type  : Slow Model Hold 'CT2:D44|Data[1]'
Slack : 0.738
TNS   : 0.000

Type  : Slow Model Hold 'CT2:D50|Data[3]'
Slack : 0.742
TNS   : 0.000

Type  : Slow Model Hold 'CT2:D44|Data[0]'
Slack : 0.743
TNS   : 0.000

Type  : Slow Model Minimum Pulse Width 'M20'
Slack : -1.941
TNS   : -13.813

Type  : Slow Model Minimum Pulse Width 'CT2:D44|Data[0]'
Slack : -0.742
TNS   : -2.968

Type  : Slow Model Minimum Pulse Width 'CT2:D44|Data[1]'
Slack : -0.742
TNS   : -2.968

Type  : Slow Model Minimum Pulse Width 'CT2:D50|Data[3]'
Slack : -0.742
TNS   : -2.968

Type  : Fast Model Setup 'CT2:D44|Data[0]'
Slack : 0.177
TNS   : 0.000

Type  : Fast Model Setup 'CT2:D44|Data[1]'
Slack : 0.179
TNS   : 0.000

Type  : Fast Model Setup 'M20'
Slack : 0.375
TNS   : 0.000

Type  : Fast Model Setup 'CT2:D50|Data[3]'
Slack : 0.630
TNS   : 0.000

Type  : Fast Model Hold 'M20'
Slack : -1.278
TNS   : -5.567

Type  : Fast Model Hold 'CT2:D44|Data[0]'
Slack : 0.225
TNS   : 0.000

Type  : Fast Model Hold 'CT2:D50|Data[3]'
Slack : 0.228
TNS   : 0.000

Type  : Fast Model Hold 'CT2:D44|Data[1]'
Slack : 0.244
TNS   : 0.000

Type  : Fast Model Minimum Pulse Width 'M20'
Slack : -1.380
TNS   : -9.380

Type  : Fast Model Minimum Pulse Width 'CT2:D44|Data[0]'
Slack : -0.500
TNS   : -2.000

Type  : Fast Model Minimum Pulse Width 'CT2:D44|Data[1]'
Slack : -0.500
TNS   : -2.000

Type  : Fast Model Minimum Pulse Width 'CT2:D50|Data[3]'
Slack : -0.500
TNS   : -2.000

------------------------------------------------------------
