TimeQuest Timing Analyzer report for Scheme
Tue Dec 21 18:41:29 2021
Quartus II 64-Bit Version 13.0.1 Build 232 06/12/2013 Service Pack 1 SJ Web Edition


---------------------
; Table of Contents ;
---------------------
  1. Legal Notice
  2. TimeQuest Timing Analyzer Summary
  3. Parallel Compilation
  4. Clocks
  5. Slow Model Fmax Summary
  6. Slow Model Setup Summary
  7. Slow Model Hold Summary
  8. Slow Model Recovery Summary
  9. Slow Model Removal Summary
 10. Slow Model Minimum Pulse Width Summary
 11. Slow Model Setup: 'CT2:D44|Data[0]'
 12. Slow Model Setup: 'CT2:D44|Data[1]'
 13. Slow Model Setup: 'M20'
 14. Slow Model Setup: 'CT2:D50|Data[3]'
 15. Slow Model Hold: 'M20'
 16. Slow Model Hold: 'CT2:D44|Data[1]'
 17. Slow Model Hold: 'CT2:D50|Data[3]'
 18. Slow Model Hold: 'CT2:D44|Data[0]'
 19. Slow Model Minimum Pulse Width: 'M20'
 20. Slow Model Minimum Pulse Width: 'CT2:D44|Data[0]'
 21. Slow Model Minimum Pulse Width: 'CT2:D44|Data[1]'
 22. Slow Model Minimum Pulse Width: 'CT2:D50|Data[3]'
 23. Setup Times
 24. Hold Times
 25. Clock to Output Times
 26. Minimum Clock to Output Times
 27. Fast Model Setup Summary
 28. Fast Model Hold Summary
 29. Fast Model Recovery Summary
 30. Fast Model Removal Summary
 31. Fast Model Minimum Pulse Width Summary
 32. Fast Model Setup: 'CT2:D44|Data[0]'
 33. Fast Model Setup: 'CT2:D44|Data[1]'
 34. Fast Model Setup: 'M20'
 35. Fast Model Setup: 'CT2:D50|Data[3]'
 36. Fast Model Hold: 'M20'
 37. Fast Model Hold: 'CT2:D44|Data[0]'
 38. Fast Model Hold: 'CT2:D50|Data[3]'
 39. Fast Model Hold: 'CT2:D44|Data[1]'
 40. Fast Model Minimum Pulse Width: 'M20'
 41. Fast Model Minimum Pulse Width: 'CT2:D44|Data[0]'
 42. Fast Model Minimum Pulse Width: 'CT2:D44|Data[1]'
 43. Fast Model Minimum Pulse Width: 'CT2:D50|Data[3]'
 44. Setup Times
 45. Hold Times
 46. Clock to Output Times
 47. Minimum Clock to Output Times
 48. Multicorner Timing Analysis Summary
 49. Setup Times
 50. Hold Times
 51. Clock to Output Times
 52. Minimum Clock to Output Times
 53. Setup Transfers
 54. Hold Transfers
 55. Report TCCS
 56. Report RSKM
 57. Unconstrained Paths
 58. TimeQuest Timing Analyzer Messages



----------------
; Legal Notice ;
----------------
Copyright (C) 1991-2013 Altera Corporation
Your use of Altera Corporation's design tools, logic functions 
and other software and tools, and its AMPP partner logic 
functions, and any output files from any of the foregoing 
(including device programming or simulation files), and any 
associated documentation or information are expressly subject 
to the terms and conditions of the Altera Program License 
Subscription Agreement, Altera MegaCore Function License 
Agreement, or other applicable license agreement, including, 
without limitation, that your use is for the sole purpose of 
programming logic devices manufactured by Altera and sold by 
Altera or its authorized distributors.  Please refer to the 
applicable agreement for further details.



+----------------------------------------------------------------------------------------+
; TimeQuest Timing Analyzer Summary                                                      ;
+--------------------+-------------------------------------------------------------------+
; Quartus II Version ; Version 13.0.1 Build 232 06/12/2013 Service Pack 1 SJ Web Edition ;
; Revision Name      ; Scheme                                                            ;
; Device Family      ; Cyclone II                                                        ;
; Device Name        ; EP2C5AF256I8                                                      ;
; Timing Models      ; Final                                                             ;
; Delay Model        ; Combined                                                          ;
; Rise/Fall Delays   ; Unavailable                                                       ;
+--------------------+-------------------------------------------------------------------+


Parallel compilation was disabled, but you have multiple processors available. Enable parallel compilation to reduce compilation time.
+-------------------------------------+
; Parallel Compilation                ;
+----------------------------+--------+
; Processors                 ; Number ;
+----------------------------+--------+
; Number detected on machine ; 16     ;
; Maximum allowed            ; 1      ;
+----------------------------+--------+


+--------------------------------------------------------------------------------------------------------------------------------------------------------------------------------------------------+
; Clocks                                                                                                                                                                                           ;
+-----------------+------+--------+------------+-------+-------+------------+-----------+-------------+-------+--------+-----------+------------+----------+--------+--------+---------------------+
; Clock Name      ; Type ; Period ; Frequency  ; Rise  ; Fall  ; Duty Cycle ; Divide by ; Multiply by ; Phase ; Offset ; Edge List ; Edge Shift ; Inverted ; Master ; Source ; Targets             ;
+-----------------+------+--------+------------+-------+-------+------------+-----------+-------------+-------+--------+-----------+------------+----------+--------+--------+---------------------+
; CT2:D44|Data[0] ; Base ; 1.000  ; 1000.0 MHz ; 0.000 ; 0.500 ;            ;           ;             ;       ;        ;           ;            ;          ;        ;        ; { CT2:D44|Data[0] } ;
; CT2:D44|Data[1] ; Base ; 1.000  ; 1000.0 MHz ; 0.000 ; 0.500 ;            ;           ;             ;       ;        ;           ;            ;          ;        ;        ; { CT2:D44|Data[1] } ;
; CT2:D50|Data[3] ; Base ; 1.000  ; 1000.0 MHz ; 0.000 ; 0.500 ;            ;           ;             ;       ;        ;           ;            ;          ;        ;        ; { CT2:D50|Data[3] } ;
; M20             ; Base ; 1.000  ; 1000.0 MHz ; 0.000 ; 0.500 ;            ;           ;             ;       ;        ;           ;            ;          ;        ;        ; { M20 }             ;
+-----------------+------+--------+------------+-------+-------+------------+-----------+-------------+-------+--------+-----------+------------+----------+--------+--------+---------------------+


+----------------------------------------------------------------------------------------------------------------+
; Slow Model Fmax Summary                                                                                        ;
+------------+-----------------+-----------------+---------------------------------------------------------------+
; Fmax       ; Restricted Fmax ; Clock Name      ; Note                                                          ;
+------------+-----------------+-----------------+---------------------------------------------------------------+
; 494.56 MHz ; 340.02 MHz      ; M20             ; limit due to minimum period restriction (max I/O toggle rate) ;
; 979.43 MHz ; 402.58 MHz      ; CT2:D50|Data[3] ; limit due to high minimum pulse width violation (tch)         ;
; 991.08 MHz ; 402.58 MHz      ; CT2:D44|Data[0] ; limit due to high minimum pulse width violation (tch)         ;
; 996.02 MHz ; 402.58 MHz      ; CT2:D44|Data[1] ; limit due to high minimum pulse width violation (tch)         ;
+------------+-----------------+-----------------+---------------------------------------------------------------+
This panel reports FMAX for every clock in the design, regardless of the user-specified clock periods.  FMAX is only computed for paths where the source and destination registers or ports are driven by the same clock.  Paths of different clocks, including generated clocks, are ignored.  For paths between a clock and its inversion, FMAX is computed as if the rising and falling edges are scaled along with FMAX, such that the duty cycle (in terms of a percentage) is maintained. Altera recommends that you always use clock constraints and other slack reports for sign-off analysis.


+------------------------------------------+
; Slow Model Setup Summary                 ;
+-----------------+--------+---------------+
; Clock           ; Slack  ; End Point TNS ;
+-----------------+--------+---------------+
; CT2:D44|Data[0] ; -1.204 ; -1.213        ;
; CT2:D44|Data[1] ; -1.198 ; -1.202        ;
; M20             ; -1.022 ; -3.402        ;
; CT2:D50|Data[3] ; -0.021 ; -0.029        ;
+-----------------+--------+---------------+


+------------------------------------------+
; Slow Model Hold Summary                  ;
+-----------------+--------+---------------+
; Clock           ; Slack  ; End Point TNS ;
+-----------------+--------+---------------+
; M20             ; -2.533 ; -9.596        ;
; CT2:D44|Data[1] ; 0.738  ; 0.000         ;
; CT2:D50|Data[3] ; 0.742  ; 0.000         ;
; CT2:D44|Data[0] ; 0.743  ; 0.000         ;
+-----------------+--------+---------------+


-------------------------------
; Slow Model Recovery Summary ;
-------------------------------
No paths to report.


------------------------------
; Slow Model Removal Summary ;
------------------------------
No paths to report.


+------------------------------------------+
; Slow Model Minimum Pulse Width Summary   ;
+-----------------+--------+---------------+
; Clock           ; Slack  ; End Point TNS ;
+-----------------+--------+---------------+
; M20             ; -1.941 ; -13.813       ;
; CT2:D44|Data[0] ; -0.742 ; -2.968        ;
; CT2:D44|Data[1] ; -0.742 ; -2.968        ;
; CT2:D50|Data[3] ; -0.742 ; -2.968        ;
+-----------------+--------+---------------+


+------------------------------------------------------------------------------------------------------------------+
; Slow Model Setup: 'CT2:D44|Data[0]'                                                                              ;
+--------+-----------------+----------+-----------------+-----------------+--------------+------------+------------+
; Slack  ; From Node       ; To Node  ; Launch Clock    ; Latch Clock     ; Relationship ; Clock Skew ; Data Delay ;
+--------+-----------------+----------+-----------------+-----------------+--------------+------------+------------+
; -1.204 ; CT2:D44|Data[2] ; T:D25|RF ; M20             ; CT2:D44|Data[0] ; 1.000        ; -0.408     ; 1.836      ;
; -0.009 ; T:D25|RF        ; T:D27|RF ; CT2:D44|Data[0] ; CT2:D44|Data[0] ; 1.000        ; 0.000      ; 1.049      ;
+--------+-----------------+----------+-----------------+-----------------+--------------+------------+------------+


+-----------------------------------------------------------------------------------------------------------------------+
; Slow Model Setup: 'CT2:D44|Data[1]'                                                                                   ;
+--------+-----------------+---------------+-----------------+-----------------+--------------+------------+------------+
; Slack  ; From Node       ; To Node       ; Launch Clock    ; Latch Clock     ; Relationship ; Clock Skew ; Data Delay ;
+--------+-----------------+---------------+-----------------+-----------------+--------------+------------+------------+
; -1.198 ; CT2:D44|Data[2] ; T:D26|RF      ; M20             ; CT2:D44|Data[1] ; 1.000        ; -0.401     ; 1.837      ;
; -0.004 ; T:D26|RF        ; T:D26|RI~reg0 ; CT2:D44|Data[1] ; CT2:D44|Data[1] ; 1.000        ; 0.000      ; 1.044      ;
+--------+-----------------+---------------+-----------------+-----------------+--------------+------------+------------+


+---------------------------------------------------------------------------------------------------------------------+
; Slow Model Setup: 'M20'                                                                                             ;
+--------+-----------------+-----------------+-----------------+-------------+--------------+------------+------------+
; Slack  ; From Node       ; To Node         ; Launch Clock    ; Latch Clock ; Relationship ; Clock Skew ; Data Delay ;
+--------+-----------------+-----------------+-----------------+-------------+--------------+------------+------------+
; -1.022 ; CT2:D50|Data[0] ; CT2:D50|Data[3] ; M20             ; M20         ; 1.000        ; 0.000      ; 2.062      ;
; -1.020 ; CT2:D50|Data[1] ; CT2:D50|Data[1] ; M20             ; M20         ; 1.000        ; 0.000      ; 2.060      ;
; -0.783 ; CT2:D50|Data[0] ; CT2:D50|Data[2] ; M20             ; M20         ; 1.000        ; 0.000      ; 1.823      ;
; -0.779 ; CT2:D50|Data[2] ; CT2:D50|Data[1] ; M20             ; M20         ; 1.000        ; 0.000      ; 1.819      ;
; -0.596 ; CT2:D50|Data[1] ; CT2:D50|Data[3] ; M20             ; M20         ; 1.000        ; 0.000      ; 1.636      ;
; -0.593 ; CT2:D50|Data[0] ; CT2:D50|Data[1] ; M20             ; M20         ; 1.000        ; 0.000      ; 1.633      ;
; -0.479 ; CT2:D50|Data[2] ; CT2:D50|Data[3] ; M20             ; M20         ; 1.000        ; 0.000      ; 1.519      ;
; -0.317 ; CT2:D50|Data[2] ; CT2:D50|Data[0] ; M20             ; M20         ; 1.000        ; 0.000      ; 1.357      ;
; -0.260 ; CT2:D44|Data[2] ; CT2:D44|Data[3] ; M20             ; M20         ; 1.000        ; 0.000      ; 1.300      ;
; -0.025 ; CT2:D50|Data[1] ; CT2:D50|Data[2] ; M20             ; M20         ; 1.000        ; 0.000      ; 1.065      ;
; 0.235  ; CT2:D44|Data[2] ; CT2:D44|Data[2] ; M20             ; M20         ; 1.000        ; 0.000      ; 0.805      ;
; 0.235  ; CT2:D50|Data[2] ; CT2:D50|Data[2] ; M20             ; M20         ; 1.000        ; 0.000      ; 0.805      ;
; 0.235  ; CT2:D50|Data[0] ; CT2:D50|Data[0] ; M20             ; M20         ; 1.000        ; 0.000      ; 0.805      ;
; 0.235  ; CT2:D44|Data[3] ; CT2:D44|Data[3] ; M20             ; M20         ; 1.000        ; 0.000      ; 0.805      ;
; 0.837  ; CT2:D44|Data[0] ; CT2:D44|Data[3] ; CT2:D44|Data[0] ; M20         ; 0.500        ; 2.711      ; 2.718      ;
; 1.027  ; CT2:D44|Data[1] ; CT2:D44|Data[3] ; CT2:D44|Data[1] ; M20         ; 0.500        ; 2.711      ; 2.528      ;
; 1.337  ; CT2:D44|Data[0] ; CT2:D44|Data[3] ; CT2:D44|Data[0] ; M20         ; 1.000        ; 2.711      ; 2.718      ;
; 1.459  ; CT2:D44|Data[1] ; CT2:D44|Data[2] ; CT2:D44|Data[1] ; M20         ; 0.500        ; 2.711      ; 2.096      ;
; 1.465  ; CT2:D50|Data[3] ; CT2:D50|Data[3] ; CT2:D50|Data[3] ; M20         ; 0.500        ; 2.728      ; 2.107      ;
; 1.472  ; CT2:D44|Data[0] ; CT2:D44|Data[2] ; CT2:D44|Data[0] ; M20         ; 0.500        ; 2.711      ; 2.083      ;
; 1.480  ; CT2:D44|Data[0] ; CT2:D44|Data[1] ; CT2:D44|Data[0] ; M20         ; 0.500        ; 2.711      ; 2.075      ;
; 1.527  ; CT2:D44|Data[1] ; CT2:D44|Data[3] ; CT2:D44|Data[1] ; M20         ; 1.000        ; 2.711      ; 2.528      ;
; 1.959  ; CT2:D44|Data[1] ; CT2:D44|Data[2] ; CT2:D44|Data[1] ; M20         ; 1.000        ; 2.711      ; 2.096      ;
; 1.965  ; CT2:D50|Data[3] ; CT2:D50|Data[3] ; CT2:D50|Data[3] ; M20         ; 1.000        ; 2.728      ; 2.107      ;
; 1.972  ; CT2:D44|Data[0] ; CT2:D44|Data[2] ; CT2:D44|Data[0] ; M20         ; 1.000        ; 2.711      ; 2.083      ;
; 1.980  ; CT2:D44|Data[0] ; CT2:D44|Data[1] ; CT2:D44|Data[0] ; M20         ; 1.000        ; 2.711      ; 2.075      ;
; 2.750  ; CT2:D44|Data[1] ; CT2:D44|Data[1] ; CT2:D44|Data[1] ; M20         ; 0.500        ; 2.711      ; 0.805      ;
; 2.750  ; CT2:D44|Data[0] ; CT2:D44|Data[0] ; CT2:D44|Data[0] ; M20         ; 0.500        ; 2.711      ; 0.805      ;
; 3.250  ; CT2:D44|Data[1] ; CT2:D44|Data[1] ; CT2:D44|Data[1] ; M20         ; 1.000        ; 2.711      ; 0.805      ;
; 3.250  ; CT2:D44|Data[0] ; CT2:D44|Data[0] ; CT2:D44|Data[0] ; M20         ; 1.000        ; 2.711      ; 0.805      ;
+--------+-----------------+-----------------+-----------------+-------------+--------------+------------+------------+


+-------------------------------------------------------------------------------------------------------------------------+
; Slow Model Setup: 'CT2:D50|Data[3]'                                                                                     ;
+--------+-----------------+-----------------+-----------------+-----------------+--------------+------------+------------+
; Slack  ; From Node       ; To Node         ; Launch Clock    ; Latch Clock     ; Relationship ; Clock Skew ; Data Delay ;
+--------+-----------------+-----------------+-----------------+-----------------+--------------+------------+------------+
; -0.021 ; T:inst6|RF      ; T:inst6|RI~reg0 ; CT2:D50|Data[3] ; CT2:D50|Data[3] ; 1.000        ; 0.000      ; 1.061      ;
; -0.008 ; T:inst6|RI~reg0 ; T:inst6|RF      ; CT2:D50|Data[3] ; CT2:D50|Data[3] ; 1.000        ; 0.000      ; 1.048      ;
+--------+-----------------+-----------------+-----------------+-----------------+--------------+------------+------------+


+---------------------------------------------------------------------------------------------------------------------+
; Slow Model Hold: 'M20'                                                                                              ;
+--------+-----------------+-----------------+-----------------+-------------+--------------+------------+------------+
; Slack  ; From Node       ; To Node         ; Launch Clock    ; Latch Clock ; Relationship ; Clock Skew ; Data Delay ;
+--------+-----------------+-----------------+-----------------+-------------+--------------+------------+------------+
; -2.533 ; CT2:D50|Data[3] ; CT2:D50|Data[3] ; CT2:D50|Data[3] ; M20         ; 0.000        ; 2.728      ; 0.805      ;
; -2.516 ; CT2:D44|Data[1] ; CT2:D44|Data[1] ; CT2:D44|Data[1] ; M20         ; 0.000        ; 2.711      ; 0.805      ;
; -2.516 ; CT2:D44|Data[0] ; CT2:D44|Data[0] ; CT2:D44|Data[0] ; M20         ; 0.000        ; 2.711      ; 0.805      ;
; -2.033 ; CT2:D50|Data[3] ; CT2:D50|Data[3] ; CT2:D50|Data[3] ; M20         ; -0.500       ; 2.728      ; 0.805      ;
; -2.016 ; CT2:D44|Data[1] ; CT2:D44|Data[1] ; CT2:D44|Data[1] ; M20         ; -0.500       ; 2.711      ; 0.805      ;
; -2.016 ; CT2:D44|Data[0] ; CT2:D44|Data[0] ; CT2:D44|Data[0] ; M20         ; -0.500       ; 2.711      ; 0.805      ;
; -1.246 ; CT2:D44|Data[0] ; CT2:D44|Data[1] ; CT2:D44|Data[0] ; M20         ; 0.000        ; 2.711      ; 2.075      ;
; -1.238 ; CT2:D44|Data[0] ; CT2:D44|Data[2] ; CT2:D44|Data[0] ; M20         ; 0.000        ; 2.711      ; 2.083      ;
; -1.225 ; CT2:D44|Data[1] ; CT2:D44|Data[2] ; CT2:D44|Data[1] ; M20         ; 0.000        ; 2.711      ; 2.096      ;
; -0.793 ; CT2:D44|Data[1] ; CT2:D44|Data[3] ; CT2:D44|Data[1] ; M20         ; 0.000        ; 2.711      ; 2.528      ;
; -0.746 ; CT2:D44|Data[0] ; CT2:D44|Data[1] ; CT2:D44|Data[0] ; M20         ; -0.500       ; 2.711      ; 2.075      ;
; -0.738 ; CT2:D44|Data[0] ; CT2:D44|Data[2] ; CT2:D44|Data[0] ; M20         ; -0.500       ; 2.711      ; 2.083      ;
; -0.725 ; CT2:D44|Data[1] ; CT2:D44|Data[2] ; CT2:D44|Data[1] ; M20         ; -0.500       ; 2.711      ; 2.096      ;
; -0.603 ; CT2:D44|Data[0] ; CT2:D44|Data[3] ; CT2:D44|Data[0] ; M20         ; 0.000        ; 2.711      ; 2.718      ;
; -0.293 ; CT2:D44|Data[1] ; CT2:D44|Data[3] ; CT2:D44|Data[1] ; M20         ; -0.500       ; 2.711      ; 2.528      ;
; -0.103 ; CT2:D44|Data[0] ; CT2:D44|Data[3] ; CT2:D44|Data[0] ; M20         ; -0.500       ; 2.711      ; 2.718      ;
; 0.499  ; CT2:D50|Data[0] ; CT2:D50|Data[0] ; M20             ; M20         ; 0.000        ; 0.000      ; 0.805      ;
; 0.499  ; CT2:D50|Data[2] ; CT2:D50|Data[2] ; M20             ; M20         ; 0.000        ; 0.000      ; 0.805      ;
; 0.499  ; CT2:D44|Data[2] ; CT2:D44|Data[2] ; M20             ; M20         ; 0.000        ; 0.000      ; 0.805      ;
; 0.499  ; CT2:D44|Data[3] ; CT2:D44|Data[3] ; M20             ; M20         ; 0.000        ; 0.000      ; 0.805      ;
; 0.759  ; CT2:D50|Data[1] ; CT2:D50|Data[2] ; M20             ; M20         ; 0.000        ; 0.000      ; 1.065      ;
; 0.941  ; CT2:D50|Data[2] ; CT2:D50|Data[1] ; M20             ; M20         ; 0.000        ; 0.000      ; 1.247      ;
; 0.994  ; CT2:D44|Data[2] ; CT2:D44|Data[3] ; M20             ; M20         ; 0.000        ; 0.000      ; 1.300      ;
; 1.051  ; CT2:D50|Data[2] ; CT2:D50|Data[0] ; M20             ; M20         ; 0.000        ; 0.000      ; 1.357      ;
; 1.213  ; CT2:D50|Data[2] ; CT2:D50|Data[3] ; M20             ; M20         ; 0.000        ; 0.000      ; 1.519      ;
; 1.327  ; CT2:D50|Data[0] ; CT2:D50|Data[1] ; M20             ; M20         ; 0.000        ; 0.000      ; 1.633      ;
; 1.330  ; CT2:D50|Data[1] ; CT2:D50|Data[3] ; M20             ; M20         ; 0.000        ; 0.000      ; 1.636      ;
; 1.517  ; CT2:D50|Data[0] ; CT2:D50|Data[2] ; M20             ; M20         ; 0.000        ; 0.000      ; 1.823      ;
; 1.754  ; CT2:D50|Data[1] ; CT2:D50|Data[1] ; M20             ; M20         ; 0.000        ; 0.000      ; 2.060      ;
; 1.756  ; CT2:D50|Data[0] ; CT2:D50|Data[3] ; M20             ; M20         ; 0.000        ; 0.000      ; 2.062      ;
+--------+-----------------+-----------------+-----------------+-------------+--------------+------------+------------+


+----------------------------------------------------------------------------------------------------------------------+
; Slow Model Hold: 'CT2:D44|Data[1]'                                                                                   ;
+-------+-----------------+---------------+-----------------+-----------------+--------------+------------+------------+
; Slack ; From Node       ; To Node       ; Launch Clock    ; Latch Clock     ; Relationship ; Clock Skew ; Data Delay ;
+-------+-----------------+---------------+-----------------+-----------------+--------------+------------+------------+
; 0.738 ; T:D26|RF        ; T:D26|RI~reg0 ; CT2:D44|Data[1] ; CT2:D44|Data[1] ; 0.000        ; 0.000      ; 1.044      ;
; 1.932 ; CT2:D44|Data[2] ; T:D26|RF      ; M20             ; CT2:D44|Data[1] ; 0.000        ; -0.401     ; 1.837      ;
+-------+-----------------+---------------+-----------------+-----------------+--------------+------------+------------+


+------------------------------------------------------------------------------------------------------------------------+
; Slow Model Hold: 'CT2:D50|Data[3]'                                                                                     ;
+-------+-----------------+-----------------+-----------------+-----------------+--------------+------------+------------+
; Slack ; From Node       ; To Node         ; Launch Clock    ; Latch Clock     ; Relationship ; Clock Skew ; Data Delay ;
+-------+-----------------+-----------------+-----------------+-----------------+--------------+------------+------------+
; 0.742 ; T:inst6|RI~reg0 ; T:inst6|RF      ; CT2:D50|Data[3] ; CT2:D50|Data[3] ; 0.000        ; 0.000      ; 1.048      ;
; 0.755 ; T:inst6|RF      ; T:inst6|RI~reg0 ; CT2:D50|Data[3] ; CT2:D50|Data[3] ; 0.000        ; 0.000      ; 1.061      ;
+-------+-----------------+-----------------+-----------------+-----------------+--------------+------------+------------+


+-----------------------------------------------------------------------------------------------------------------+
; Slow Model Hold: 'CT2:D44|Data[0]'                                                                              ;
+-------+-----------------+----------+-----------------+-----------------+--------------+------------+------------+
; Slack ; From Node       ; To Node  ; Launch Clock    ; Latch Clock     ; Relationship ; Clock Skew ; Data Delay ;
+-------+-----------------+----------+-----------------+-----------------+--------------+------------+------------+
; 0.743 ; T:D25|RF        ; T:D27|RF ; CT2:D44|Data[0] ; CT2:D44|Data[0] ; 0.000        ; 0.000      ; 1.049      ;
; 1.938 ; CT2:D44|Data[2] ; T:D25|RF ; M20             ; CT2:D44|Data[0] ; 0.000        ; -0.408     ; 1.836      ;
+-------+-----------------+----------+-----------------+-----------------+--------------+------------+------------+


+-------------------------------------------------------------------------------------------------------+
; Slow Model Minimum Pulse Width: 'M20'                                                                 ;
+--------+--------------+----------------+------------------+-------+------------+----------------------+
; Slack  ; Actual Width ; Required Width ; Type             ; Clock ; Clock Edge ; Target               ;
+--------+--------------+----------------+------------------+-------+------------+----------------------+
; -1.941 ; 1.000        ; 2.941          ; Port Rate        ; M20   ; Rise       ; M20                  ;
; -0.742 ; 0.500        ; 1.242          ; High Pulse Width ; M20   ; Rise       ; CT2:D44|Data[0]      ;
; -0.742 ; 0.500        ; 1.242          ; Low Pulse Width  ; M20   ; Rise       ; CT2:D44|Data[0]      ;
; -0.742 ; 0.500        ; 1.242          ; High Pulse Width ; M20   ; Rise       ; CT2:D44|Data[1]      ;
; -0.742 ; 0.500        ; 1.242          ; Low Pulse Width  ; M20   ; Rise       ; CT2:D44|Data[1]      ;
; -0.742 ; 0.500        ; 1.242          ; High Pulse Width ; M20   ; Rise       ; CT2:D44|Data[2]      ;
; -0.742 ; 0.500        ; 1.242          ; Low Pulse Width  ; M20   ; Rise       ; CT2:D44|Data[2]      ;
; -0.742 ; 0.500        ; 1.242          ; High Pulse Width ; M20   ; Rise       ; CT2:D44|Data[3]      ;
; -0.742 ; 0.500        ; 1.242          ; Low Pulse Width  ; M20   ; Rise       ; CT2:D44|Data[3]      ;
; -0.742 ; 0.500        ; 1.242          ; High Pulse Width ; M20   ; Rise       ; CT2:D50|Data[0]      ;
; -0.742 ; 0.500        ; 1.242          ; Low Pulse Width  ; M20   ; Rise       ; CT2:D50|Data[0]      ;
; -0.742 ; 0.500        ; 1.242          ; High Pulse Width ; M20   ; Rise       ; CT2:D50|Data[1]      ;
; -0.742 ; 0.500        ; 1.242          ; Low Pulse Width  ; M20   ; Rise       ; CT2:D50|Data[1]      ;
; -0.742 ; 0.500        ; 1.242          ; High Pulse Width ; M20   ; Rise       ; CT2:D50|Data[2]      ;
; -0.742 ; 0.500        ; 1.242          ; Low Pulse Width  ; M20   ; Rise       ; CT2:D50|Data[2]      ;
; -0.742 ; 0.500        ; 1.242          ; High Pulse Width ; M20   ; Rise       ; CT2:D50|Data[3]      ;
; -0.742 ; 0.500        ; 1.242          ; Low Pulse Width  ; M20   ; Rise       ; CT2:D50|Data[3]      ;
; 0.500  ; 0.500        ; 0.000          ; High Pulse Width ; M20   ; Rise       ; D44|Data[0]|clk      ;
; 0.500  ; 0.500        ; 0.000          ; Low Pulse Width  ; M20   ; Rise       ; D44|Data[0]|clk      ;
; 0.500  ; 0.500        ; 0.000          ; High Pulse Width ; M20   ; Rise       ; D44|Data[1]|clk      ;
; 0.500  ; 0.500        ; 0.000          ; Low Pulse Width  ; M20   ; Rise       ; D44|Data[1]|clk      ;
; 0.500  ; 0.500        ; 0.000          ; High Pulse Width ; M20   ; Rise       ; D44|Data[2]|clk      ;
; 0.500  ; 0.500        ; 0.000          ; Low Pulse Width  ; M20   ; Rise       ; D44|Data[2]|clk      ;
; 0.500  ; 0.500        ; 0.000          ; High Pulse Width ; M20   ; Rise       ; D44|Data[3]|clk      ;
; 0.500  ; 0.500        ; 0.000          ; Low Pulse Width  ; M20   ; Rise       ; D44|Data[3]|clk      ;
; 0.500  ; 0.500        ; 0.000          ; High Pulse Width ; M20   ; Rise       ; D50|Data[0]|clk      ;
; 0.500  ; 0.500        ; 0.000          ; Low Pulse Width  ; M20   ; Rise       ; D50|Data[0]|clk      ;
; 0.500  ; 0.500        ; 0.000          ; High Pulse Width ; M20   ; Rise       ; D50|Data[1]|clk      ;
; 0.500  ; 0.500        ; 0.000          ; Low Pulse Width  ; M20   ; Rise       ; D50|Data[1]|clk      ;
; 0.500  ; 0.500        ; 0.000          ; High Pulse Width ; M20   ; Rise       ; D50|Data[2]|clk      ;
; 0.500  ; 0.500        ; 0.000          ; Low Pulse Width  ; M20   ; Rise       ; D50|Data[2]|clk      ;
; 0.500  ; 0.500        ; 0.000          ; High Pulse Width ; M20   ; Rise       ; D50|Data[3]|clk      ;
; 0.500  ; 0.500        ; 0.000          ; Low Pulse Width  ; M20   ; Rise       ; D50|Data[3]|clk      ;
; 0.500  ; 0.500        ; 0.000          ; High Pulse Width ; M20   ; Rise       ; M20|combout          ;
; 0.500  ; 0.500        ; 0.000          ; Low Pulse Width  ; M20   ; Rise       ; M20|combout          ;
; 0.500  ; 0.500        ; 0.000          ; High Pulse Width ; M20   ; Rise       ; M20~clkctrl|inclk[0] ;
; 0.500  ; 0.500        ; 0.000          ; Low Pulse Width  ; M20   ; Rise       ; M20~clkctrl|inclk[0] ;
; 0.500  ; 0.500        ; 0.000          ; High Pulse Width ; M20   ; Rise       ; M20~clkctrl|outclk   ;
; 0.500  ; 0.500        ; 0.000          ; Low Pulse Width  ; M20   ; Rise       ; M20~clkctrl|outclk   ;
+--------+--------------+----------------+------------------+-------+------------+----------------------+


+-------------------------------------------------------------------------------------------------------------------------+
; Slow Model Minimum Pulse Width: 'CT2:D44|Data[0]'                                                                       ;
+--------+--------------+----------------+------------------+-----------------+------------+------------------------------+
; Slack  ; Actual Width ; Required Width ; Type             ; Clock           ; Clock Edge ; Target                       ;
+--------+--------------+----------------+------------------+-----------------+------------+------------------------------+
; -0.742 ; 0.500        ; 1.242          ; High Pulse Width ; CT2:D44|Data[0] ; Rise       ; T:D25|RF                     ;
; -0.742 ; 0.500        ; 1.242          ; Low Pulse Width  ; CT2:D44|Data[0] ; Rise       ; T:D25|RF                     ;
; -0.742 ; 0.500        ; 1.242          ; High Pulse Width ; CT2:D44|Data[0] ; Rise       ; T:D27|RF                     ;
; -0.742 ; 0.500        ; 1.242          ; Low Pulse Width  ; CT2:D44|Data[0] ; Rise       ; T:D27|RF                     ;
; 0.500  ; 0.500        ; 0.000          ; High Pulse Width ; CT2:D44|Data[0] ; Rise       ; D25|RF|clk                   ;
; 0.500  ; 0.500        ; 0.000          ; Low Pulse Width  ; CT2:D44|Data[0] ; Rise       ; D25|RF|clk                   ;
; 0.500  ; 0.500        ; 0.000          ; High Pulse Width ; CT2:D44|Data[0] ; Rise       ; D27|RF|clk                   ;
; 0.500  ; 0.500        ; 0.000          ; Low Pulse Width  ; CT2:D44|Data[0] ; Rise       ; D27|RF|clk                   ;
; 0.500  ; 0.500        ; 0.000          ; High Pulse Width ; CT2:D44|Data[0] ; Rise       ; D44|Data[0]|regout           ;
; 0.500  ; 0.500        ; 0.000          ; Low Pulse Width  ; CT2:D44|Data[0] ; Rise       ; D44|Data[0]|regout           ;
; 0.500  ; 0.500        ; 0.000          ; High Pulse Width ; CT2:D44|Data[0] ; Rise       ; D44|Data[0]~clkctrl|inclk[0] ;
; 0.500  ; 0.500        ; 0.000          ; Low Pulse Width  ; CT2:D44|Data[0] ; Rise       ; D44|Data[0]~clkctrl|inclk[0] ;
; 0.500  ; 0.500        ; 0.000          ; High Pulse Width ; CT2:D44|Data[0] ; Rise       ; D44|Data[0]~clkctrl|outclk   ;
; 0.500  ; 0.500        ; 0.000          ; Low Pulse Width  ; CT2:D44|Data[0] ; Rise       ; D44|Data[0]~clkctrl|outclk   ;
+--------+--------------+----------------+------------------+-----------------+------------+------------------------------+


+-------------------------------------------------------------------------------------------------------------------------+
; Slow Model Minimum Pulse Width: 'CT2:D44|Data[1]'                                                                       ;
+--------+--------------+----------------+------------------+-----------------+------------+------------------------------+
; Slack  ; Actual Width ; Required Width ; Type             ; Clock           ; Clock Edge ; Target                       ;
+--------+--------------+----------------+------------------+-----------------+------------+------------------------------+
; -0.742 ; 0.500        ; 1.242          ; High Pulse Width ; CT2:D44|Data[1] ; Rise       ; T:D26|RF                     ;
; -0.742 ; 0.500        ; 1.242          ; Low Pulse Width  ; CT2:D44|Data[1] ; Rise       ; T:D26|RF                     ;
; -0.742 ; 0.500        ; 1.242          ; High Pulse Width ; CT2:D44|Data[1] ; Rise       ; T:D26|RI~reg0                ;
; -0.742 ; 0.500        ; 1.242          ; Low Pulse Width  ; CT2:D44|Data[1] ; Rise       ; T:D26|RI~reg0                ;
; 0.500  ; 0.500        ; 0.000          ; High Pulse Width ; CT2:D44|Data[1] ; Rise       ; D26|RF|clk                   ;
; 0.500  ; 0.500        ; 0.000          ; Low Pulse Width  ; CT2:D44|Data[1] ; Rise       ; D26|RF|clk                   ;
; 0.500  ; 0.500        ; 0.000          ; High Pulse Width ; CT2:D44|Data[1] ; Rise       ; D26|RI~reg0|clk              ;
; 0.500  ; 0.500        ; 0.000          ; Low Pulse Width  ; CT2:D44|Data[1] ; Rise       ; D26|RI~reg0|clk              ;
; 0.500  ; 0.500        ; 0.000          ; High Pulse Width ; CT2:D44|Data[1] ; Rise       ; D44|Data[1]|regout           ;
; 0.500  ; 0.500        ; 0.000          ; Low Pulse Width  ; CT2:D44|Data[1] ; Rise       ; D44|Data[1]|regout           ;
; 0.500  ; 0.500        ; 0.000          ; High Pulse Width ; CT2:D44|Data[1] ; Rise       ; D44|Data[1]~clkctrl|inclk[0] ;
; 0.500  ; 0.500        ; 0.000          ; Low Pulse Width  ; CT2:D44|Data[1] ; Rise       ; D44|Data[1]~clkctrl|inclk[0] ;
; 0.500  ; 0.500        ; 0.000          ; High Pulse Width ; CT2:D44|Data[1] ; Rise       ; D44|Data[1]~clkctrl|outclk   ;
; 0.500  ; 0.500        ; 0.000          ; Low Pulse Width  ; CT2:D44|Data[1] ; Rise       ; D44|Data[1]~clkctrl|outclk   ;
+--------+--------------+----------------+------------------+-----------------+------------+------------------------------+


+-------------------------------------------------------------------------------------------------------------------------+
; Slow Model Minimum Pulse Width: 'CT2:D50|Data[3]'                                                                       ;
+--------+--------------+----------------+------------------+-----------------+------------+------------------------------+
; Slack  ; Actual Width ; Required Width ; Type             ; Clock           ; Clock Edge ; Target                       ;
+--------+--------------+----------------+------------------+-----------------+------------+------------------------------+
; -0.742 ; 0.500        ; 1.242          ; High Pulse Width ; CT2:D50|Data[3] ; Rise       ; T:inst6|RF                   ;
; -0.742 ; 0.500        ; 1.242          ; Low Pulse Width  ; CT2:D50|Data[3] ; Rise       ; T:inst6|RF                   ;
; -0.742 ; 0.500        ; 1.242          ; High Pulse Width ; CT2:D50|Data[3] ; Rise       ; T:inst6|RI~reg0              ;
; -0.742 ; 0.500        ; 1.242          ; Low Pulse Width  ; CT2:D50|Data[3] ; Rise       ; T:inst6|RI~reg0              ;
; 0.500  ; 0.500        ; 0.000          ; High Pulse Width ; CT2:D50|Data[3] ; Rise       ; D50|Data[3]|regout           ;
; 0.500  ; 0.500        ; 0.000          ; Low Pulse Width  ; CT2:D50|Data[3] ; Rise       ; D50|Data[3]|regout           ;
; 0.500  ; 0.500        ; 0.000          ; High Pulse Width ; CT2:D50|Data[3] ; Rise       ; D50|Data[3]~clkctrl|inclk[0] ;
; 0.500  ; 0.500        ; 0.000          ; Low Pulse Width  ; CT2:D50|Data[3] ; Rise       ; D50|Data[3]~clkctrl|inclk[0] ;
; 0.500  ; 0.500        ; 0.000          ; High Pulse Width ; CT2:D50|Data[3] ; Rise       ; D50|Data[3]~clkctrl|outclk   ;
; 0.500  ; 0.500        ; 0.000          ; Low Pulse Width  ; CT2:D50|Data[3] ; Rise       ; D50|Data[3]~clkctrl|outclk   ;
; 0.500  ; 0.500        ; 0.000          ; High Pulse Width ; CT2:D50|Data[3] ; Rise       ; inst6|RF|clk                 ;
; 0.500  ; 0.500        ; 0.000          ; Low Pulse Width  ; CT2:D50|Data[3] ; Rise       ; inst6|RF|clk                 ;
; 0.500  ; 0.500        ; 0.000          ; High Pulse Width ; CT2:D50|Data[3] ; Rise       ; inst6|RI~reg0|clk            ;
; 0.500  ; 0.500        ; 0.000          ; Low Pulse Width  ; CT2:D50|Data[3] ; Rise       ; inst6|RI~reg0|clk            ;
+--------+--------------+----------------+------------------+-----------------+------------+------------------------------+


+------------------------------------------------------------------------------+
; Setup Times                                                                  ;
+-----------+-----------------+--------+--------+------------+-----------------+
; Data Port ; Clock Port      ; Rise   ; Fall   ; Clock Edge ; Clock Reference ;
+-----------+-----------------+--------+--------+------------+-----------------+
; A1        ; CT2:D44|Data[0] ; 0.712  ; 0.712  ; Rise       ; CT2:D44|Data[0] ;
; B1        ; CT2:D44|Data[0] ; 0.131  ; 0.131  ; Rise       ; CT2:D44|Data[0] ;
; A1        ; CT2:D44|Data[1] ; 0.706  ; 0.706  ; Rise       ; CT2:D44|Data[1] ;
; C1        ; CT2:D50|Data[3] ; 5.070  ; 5.070  ; Rise       ; CT2:D50|Data[3] ;
; B1        ; M20             ; -0.259 ; -0.259 ; Rise       ; M20             ;
; C1        ; M20             ; 5.459  ; 5.459  ; Rise       ; M20             ;
; GND       ; M20             ; 1.081  ; 1.081  ; Rise       ; M20             ;
+-----------+-----------------+--------+--------+------------+-----------------+


+------------------------------------------------------------------------------+
; Hold Times                                                                   ;
+-----------+-----------------+--------+--------+------------+-----------------+
; Data Port ; Clock Port      ; Rise   ; Fall   ; Clock Edge ; Clock Reference ;
+-----------+-----------------+--------+--------+------------+-----------------+
; A1        ; CT2:D44|Data[0] ; -0.446 ; -0.446 ; Rise       ; CT2:D44|Data[0] ;
; B1        ; CT2:D44|Data[0] ; 0.135  ; 0.135  ; Rise       ; CT2:D44|Data[0] ;
; A1        ; CT2:D44|Data[1] ; -0.440 ; -0.440 ; Rise       ; CT2:D44|Data[1] ;
; C1        ; CT2:D50|Data[3] ; -4.804 ; -4.804 ; Rise       ; CT2:D50|Data[3] ;
; B1        ; M20             ; 1.007  ; 1.007  ; Rise       ; M20             ;
; C1        ; M20             ; -4.341 ; -4.341 ; Rise       ; M20             ;
; GND       ; M20             ; -0.810 ; -0.810 ; Rise       ; M20             ;
+-----------+-----------------+--------+--------+------------+-----------------+


+----------------------------------------------------------------------------+
; Clock to Output Times                                                      ;
+-----------+-----------------+-------+-------+------------+-----------------+
; Data Port ; Clock Port      ; Rise  ; Fall  ; Clock Edge ; Clock Reference ;
+-----------+-----------------+-------+-------+------------+-----------------+
; M10       ; CT2:D44|Data[0] ; 4.163 ;       ; Rise       ; CT2:D44|Data[0] ;
; M_2_5     ; CT2:D44|Data[0] ; 4.183 ;       ; Rise       ; CT2:D44|Data[0] ;
; nCAS      ; CT2:D44|Data[0] ; 7.070 ; 7.070 ; Rise       ; CT2:D44|Data[0] ;
; nF1T      ; CT2:D44|Data[0] ; 8.116 ; 8.116 ; Rise       ; CT2:D44|Data[0] ;
; nRAS      ; CT2:D44|Data[0] ; 8.105 ; 8.105 ; Rise       ; CT2:D44|Data[0] ;
; M10       ; CT2:D44|Data[0] ;       ; 4.163 ; Fall       ; CT2:D44|Data[0] ;
; M_2_5     ; CT2:D44|Data[0] ;       ; 4.183 ; Fall       ; CT2:D44|Data[0] ;
; nF1T      ; CT2:D44|Data[0] ;       ; 5.711 ; Fall       ; CT2:D44|Data[0] ;
; M5        ; CT2:D44|Data[1] ; 4.157 ;       ; Rise       ; CT2:D44|Data[1] ;
; nF2T      ; CT2:D44|Data[1] ; 7.078 ; 7.078 ; Rise       ; CT2:D44|Data[1] ;
; nRAS      ; CT2:D44|Data[1] ; 7.842 ; 7.842 ; Rise       ; CT2:D44|Data[1] ;
; M5        ; CT2:D44|Data[1] ;       ; 4.157 ; Fall       ; CT2:D44|Data[1] ;
; M1        ; CT2:D50|Data[3] ; 6.711 ; 6.711 ; Rise       ; CT2:D50|Data[3] ;
; M2        ; CT2:D50|Data[3] ; 4.171 ;       ; Rise       ; CT2:D50|Data[3] ;
; M2        ; CT2:D50|Data[3] ;       ; 4.171 ; Fall       ; CT2:D50|Data[3] ;
; M1_25     ; M20             ; 7.474 ; 7.474 ; Rise       ; M20             ;
; M2_5      ; M20             ; 7.186 ; 7.186 ; Rise       ; M20             ;
; M4        ; M20             ; 7.174 ; 7.174 ; Rise       ; M20             ;
+-----------+-----------------+-------+-------+------------+-----------------+


+----------------------------------------------------------------------------+
; Minimum Clock to Output Times                                              ;
+-----------+-----------------+-------+-------+------------+-----------------+
; Data Port ; Clock Port      ; Rise  ; Fall  ; Clock Edge ; Clock Reference ;
+-----------+-----------------+-------+-------+------------+-----------------+
; M10       ; CT2:D44|Data[0] ; 4.163 ;       ; Rise       ; CT2:D44|Data[0] ;
; M_2_5     ; CT2:D44|Data[0] ; 4.183 ;       ; Rise       ; CT2:D44|Data[0] ;
; nCAS      ; CT2:D44|Data[0] ; 7.070 ; 7.070 ; Rise       ; CT2:D44|Data[0] ;
; nF1T      ; CT2:D44|Data[0] ; 5.711 ; 8.116 ; Rise       ; CT2:D44|Data[0] ;
; nRAS      ; CT2:D44|Data[0] ; 8.105 ; 8.105 ; Rise       ; CT2:D44|Data[0] ;
; M10       ; CT2:D44|Data[0] ;       ; 4.163 ; Fall       ; CT2:D44|Data[0] ;
; M_2_5     ; CT2:D44|Data[0] ;       ; 4.183 ; Fall       ; CT2:D44|Data[0] ;
; nF1T      ; CT2:D44|Data[0] ;       ; 5.711 ; Fall       ; CT2:D44|Data[0] ;
; M5        ; CT2:D44|Data[1] ; 4.157 ;       ; Rise       ; CT2:D44|Data[1] ;
; nF2T      ; CT2:D44|Data[1] ; 7.078 ; 7.078 ; Rise       ; CT2:D44|Data[1] ;
; nRAS      ; CT2:D44|Data[1] ; 7.842 ; 7.842 ; Rise       ; CT2:D44|Data[1] ;
; M5        ; CT2:D44|Data[1] ;       ; 4.157 ; Fall       ; CT2:D44|Data[1] ;
; M1        ; CT2:D50|Data[3] ; 6.711 ; 6.711 ; Rise       ; CT2:D50|Data[3] ;
; M2        ; CT2:D50|Data[3] ; 4.171 ;       ; Rise       ; CT2:D50|Data[3] ;
; M2        ; CT2:D50|Data[3] ;       ; 4.171 ; Fall       ; CT2:D50|Data[3] ;
; M1_25     ; M20             ; 7.474 ; 7.474 ; Rise       ; M20             ;
; M2_5      ; M20             ; 7.186 ; 7.186 ; Rise       ; M20             ;
; M4        ; M20             ; 7.174 ; 7.174 ; Rise       ; M20             ;
+-----------+-----------------+-------+-------+------------+-----------------+


+-----------------------------------------+
; Fast Model Setup Summary                ;
+-----------------+-------+---------------+
; Clock           ; Slack ; End Point TNS ;
+-----------------+-------+---------------+
; CT2:D44|Data[0] ; 0.177 ; 0.000         ;
; CT2:D44|Data[1] ; 0.179 ; 0.000         ;
; M20             ; 0.375 ; 0.000         ;
; CT2:D50|Data[3] ; 0.630 ; 0.000         ;
+-----------------+-------+---------------+


+------------------------------------------+
; Fast Model Hold Summary                  ;
+-----------------+--------+---------------+
; Clock           ; Slack  ; End Point TNS ;
+-----------------+--------+---------------+
; M20             ; -1.278 ; -5.567        ;
; CT2:D44|Data[0] ; 0.225  ; 0.000         ;
; CT2:D50|Data[3] ; 0.228  ; 0.000         ;
; CT2:D44|Data[1] ; 0.244  ; 0.000         ;
+-----------------+--------+---------------+


-------------------------------
; Fast Model Recovery Summary ;
-------------------------------
No paths to report.


------------------------------
; Fast Model Removal Summary ;
------------------------------
No paths to report.


+------------------------------------------+
; Fast Model Minimum Pulse Width Summary   ;
+-----------------+--------+---------------+
; Clock           ; Slack  ; End Point TNS ;
+-----------------+--------+---------------+
; M20             ; -1.380 ; -9.380        ;
; CT2:D44|Data[0] ; -0.500 ; -2.000        ;
; CT2:D44|Data[1] ; -0.500 ; -2.000        ;
; CT2:D50|Data[3] ; -0.500 ; -2.000        ;
+-----------------+--------+---------------+


+-----------------------------------------------------------------------------------------------------------------+
; Fast Model Setup: 'CT2:D44|Data[0]'                                                                             ;
+-------+-----------------+----------+-----------------+-----------------+--------------+------------+------------+
; Slack ; From Node       ; To Node  ; Launch Clock    ; Latch Clock     ; Relationship ; Clock Skew ; Data Delay ;
+-------+-----------------+----------+-----------------+-----------------+--------------+------------+------------+
; 0.177 ; CT2:D44|Data[2] ; T:D25|RF ; M20             ; CT2:D44|Data[0] ; 1.000        ; -0.255     ; 0.598      ;
; 0.657 ; T:D25|RF        ; T:D27|RF ; CT2:D44|Data[0] ; CT2:D44|Data[0] ; 1.000        ; 0.000      ; 0.373      ;
+-------+-----------------+----------+-----------------+-----------------+--------------+------------+------------+


+----------------------------------------------------------------------------------------------------------------------+
; Fast Model Setup: 'CT2:D44|Data[1]'                                                                                  ;
+-------+-----------------+---------------+-----------------+-----------------+--------------+------------+------------+
; Slack ; From Node       ; To Node       ; Launch Clock    ; Latch Clock     ; Relationship ; Clock Skew ; Data Delay ;
+-------+-----------------+---------------+-----------------+-----------------+--------------+------------+------------+
; 0.179 ; CT2:D44|Data[2] ; T:D26|RF      ; M20             ; CT2:D44|Data[1] ; 1.000        ; -0.251     ; 0.600      ;
; 0.638 ; T:D26|RF        ; T:D26|RI~reg0 ; CT2:D44|Data[1] ; CT2:D44|Data[1] ; 1.000        ; 0.000      ; 0.392      ;
+-------+-----------------+---------------+-----------------+-----------------+--------------+------------+------------+


+--------------------------------------------------------------------------------------------------------------------+
; Fast Model Setup: 'M20'                                                                                            ;
+-------+-----------------+-----------------+-----------------+-------------+--------------+------------+------------+
; Slack ; From Node       ; To Node         ; Launch Clock    ; Latch Clock ; Relationship ; Clock Skew ; Data Delay ;
+-------+-----------------+-----------------+-----------------+-------------+--------------+------------+------------+
; 0.375 ; CT2:D50|Data[0] ; CT2:D50|Data[3] ; M20             ; M20         ; 1.000        ; 0.000      ; 0.655      ;
; 0.376 ; CT2:D50|Data[1] ; CT2:D50|Data[1] ; M20             ; M20         ; 1.000        ; 0.000      ; 0.654      ;
; 0.416 ; CT2:D50|Data[2] ; CT2:D50|Data[1] ; M20             ; M20         ; 1.000        ; 0.000      ; 0.614      ;
; 0.457 ; CT2:D50|Data[0] ; CT2:D50|Data[2] ; M20             ; M20         ; 1.000        ; 0.000      ; 0.573      ;
; 0.489 ; CT2:D50|Data[1] ; CT2:D50|Data[3] ; M20             ; M20         ; 1.000        ; 0.000      ; 0.541      ;
; 0.493 ; CT2:D50|Data[0] ; CT2:D50|Data[1] ; M20             ; M20         ; 1.000        ; 0.000      ; 0.537      ;
; 0.520 ; CT2:D50|Data[2] ; CT2:D50|Data[3] ; M20             ; M20         ; 1.000        ; 0.000      ; 0.510      ;
; 0.573 ; CT2:D44|Data[2] ; CT2:D44|Data[3] ; M20             ; M20         ; 1.000        ; 0.000      ; 0.457      ;
; 0.578 ; CT2:D50|Data[2] ; CT2:D50|Data[0] ; M20             ; M20         ; 1.000        ; 0.000      ; 0.452      ;
; 0.649 ; CT2:D50|Data[1] ; CT2:D50|Data[2] ; M20             ; M20         ; 1.000        ; 0.000      ; 0.381      ;
; 0.679 ; CT2:D44|Data[2] ; CT2:D44|Data[2] ; M20             ; M20         ; 1.000        ; 0.000      ; 0.351      ;
; 0.679 ; CT2:D50|Data[2] ; CT2:D50|Data[2] ; M20             ; M20         ; 1.000        ; 0.000      ; 0.351      ;
; 0.679 ; CT2:D44|Data[3] ; CT2:D44|Data[3] ; M20             ; M20         ; 1.000        ; 0.000      ; 0.351      ;
; 0.679 ; CT2:D50|Data[0] ; CT2:D50|Data[0] ; M20             ; M20         ; 1.000        ; 0.000      ; 0.351      ;
; 1.167 ; CT2:D44|Data[0] ; CT2:D44|Data[3] ; CT2:D44|Data[0] ; M20         ; 0.500        ; 1.333      ; 0.831      ;
; 1.193 ; CT2:D44|Data[1] ; CT2:D44|Data[3] ; CT2:D44|Data[1] ; M20         ; 0.500        ; 1.333      ; 0.805      ;
; 1.325 ; CT2:D44|Data[0] ; CT2:D44|Data[1] ; CT2:D44|Data[0] ; M20         ; 0.500        ; 1.333      ; 0.673      ;
; 1.326 ; CT2:D44|Data[0] ; CT2:D44|Data[2] ; CT2:D44|Data[0] ; M20         ; 0.500        ; 1.333      ; 0.672      ;
; 1.330 ; CT2:D44|Data[1] ; CT2:D44|Data[2] ; CT2:D44|Data[1] ; M20         ; 0.500        ; 1.333      ; 0.668      ;
; 1.353 ; CT2:D50|Data[3] ; CT2:D50|Data[3] ; CT2:D50|Data[3] ; M20         ; 0.500        ; 1.346      ; 0.658      ;
; 1.647 ; CT2:D44|Data[1] ; CT2:D44|Data[1] ; CT2:D44|Data[1] ; M20         ; 0.500        ; 1.333      ; 0.351      ;
; 1.647 ; CT2:D44|Data[0] ; CT2:D44|Data[0] ; CT2:D44|Data[0] ; M20         ; 0.500        ; 1.333      ; 0.351      ;
; 1.667 ; CT2:D44|Data[0] ; CT2:D44|Data[3] ; CT2:D44|Data[0] ; M20         ; 1.000        ; 1.333      ; 0.831      ;
; 1.693 ; CT2:D44|Data[1] ; CT2:D44|Data[3] ; CT2:D44|Data[1] ; M20         ; 1.000        ; 1.333      ; 0.805      ;
; 1.825 ; CT2:D44|Data[0] ; CT2:D44|Data[1] ; CT2:D44|Data[0] ; M20         ; 1.000        ; 1.333      ; 0.673      ;
; 1.826 ; CT2:D44|Data[0] ; CT2:D44|Data[2] ; CT2:D44|Data[0] ; M20         ; 1.000        ; 1.333      ; 0.672      ;
; 1.830 ; CT2:D44|Data[1] ; CT2:D44|Data[2] ; CT2:D44|Data[1] ; M20         ; 1.000        ; 1.333      ; 0.668      ;
; 1.853 ; CT2:D50|Data[3] ; CT2:D50|Data[3] ; CT2:D50|Data[3] ; M20         ; 1.000        ; 1.346      ; 0.658      ;
; 2.147 ; CT2:D44|Data[1] ; CT2:D44|Data[1] ; CT2:D44|Data[1] ; M20         ; 1.000        ; 1.333      ; 0.351      ;
; 2.147 ; CT2:D44|Data[0] ; CT2:D44|Data[0] ; CT2:D44|Data[0] ; M20         ; 1.000        ; 1.333      ; 0.351      ;
+-------+-----------------+-----------------+-----------------+-------------+--------------+------------+------------+


+------------------------------------------------------------------------------------------------------------------------+
; Fast Model Setup: 'CT2:D50|Data[3]'                                                                                    ;
+-------+-----------------+-----------------+-----------------+-----------------+--------------+------------+------------+
; Slack ; From Node       ; To Node         ; Launch Clock    ; Latch Clock     ; Relationship ; Clock Skew ; Data Delay ;
+-------+-----------------+-----------------+-----------------+-----------------+--------------+------------+------------+
; 0.630 ; T:inst6|RF      ; T:inst6|RI~reg0 ; CT2:D50|Data[3] ; CT2:D50|Data[3] ; 1.000        ; 0.000      ; 0.400      ;
; 0.654 ; T:inst6|RI~reg0 ; T:inst6|RF      ; CT2:D50|Data[3] ; CT2:D50|Data[3] ; 1.000        ; 0.000      ; 0.376      ;
+-------+-----------------+-----------------+-----------------+-----------------+--------------+------------+------------+


+---------------------------------------------------------------------------------------------------------------------+
; Fast Model Hold: 'M20'                                                                                              ;
+--------+-----------------+-----------------+-----------------+-------------+--------------+------------+------------+
; Slack  ; From Node       ; To Node         ; Launch Clock    ; Latch Clock ; Relationship ; Clock Skew ; Data Delay ;
+--------+-----------------+-----------------+-----------------+-------------+--------------+------------+------------+
; -1.278 ; CT2:D50|Data[3] ; CT2:D50|Data[3] ; CT2:D50|Data[3] ; M20         ; 0.000        ; 1.346      ; 0.351      ;
; -1.265 ; CT2:D44|Data[1] ; CT2:D44|Data[1] ; CT2:D44|Data[1] ; M20         ; 0.000        ; 1.333      ; 0.351      ;
; -1.265 ; CT2:D44|Data[0] ; CT2:D44|Data[0] ; CT2:D44|Data[0] ; M20         ; 0.000        ; 1.333      ; 0.351      ;
; -0.948 ; CT2:D44|Data[1] ; CT2:D44|Data[2] ; CT2:D44|Data[1] ; M20         ; 0.000        ; 1.333      ; 0.668      ;
; -0.944 ; CT2:D44|Data[0] ; CT2:D44|Data[2] ; CT2:D44|Data[0] ; M20         ; 0.000        ; 1.333      ; 0.672      ;
; -0.943 ; CT2:D44|Data[0] ; CT2:D44|Data[1] ; CT2:D44|Data[0] ; M20         ; 0.000        ; 1.333      ; 0.673      ;
; -0.811 ; CT2:D44|Data[1] ; CT2:D44|Data[3] ; CT2:D44|Data[1] ; M20         ; 0.000        ; 1.333      ; 0.805      ;
; -0.785 ; CT2:D44|Data[0] ; CT2:D44|Data[3] ; CT2:D44|Data[0] ; M20         ; 0.000        ; 1.333      ; 0.831      ;
; -0.778 ; CT2:D50|Data[3] ; CT2:D50|Data[3] ; CT2:D50|Data[3] ; M20         ; -0.500       ; 1.346      ; 0.351      ;
; -0.765 ; CT2:D44|Data[1] ; CT2:D44|Data[1] ; CT2:D44|Data[1] ; M20         ; -0.500       ; 1.333      ; 0.351      ;
; -0.765 ; CT2:D44|Data[0] ; CT2:D44|Data[0] ; CT2:D44|Data[0] ; M20         ; -0.500       ; 1.333      ; 0.351      ;
; -0.448 ; CT2:D44|Data[1] ; CT2:D44|Data[2] ; CT2:D44|Data[1] ; M20         ; -0.500       ; 1.333      ; 0.668      ;
; -0.444 ; CT2:D44|Data[0] ; CT2:D44|Data[2] ; CT2:D44|Data[0] ; M20         ; -0.500       ; 1.333      ; 0.672      ;
; -0.443 ; CT2:D44|Data[0] ; CT2:D44|Data[1] ; CT2:D44|Data[0] ; M20         ; -0.500       ; 1.333      ; 0.673      ;
; -0.311 ; CT2:D44|Data[1] ; CT2:D44|Data[3] ; CT2:D44|Data[1] ; M20         ; -0.500       ; 1.333      ; 0.805      ;
; -0.285 ; CT2:D44|Data[0] ; CT2:D44|Data[3] ; CT2:D44|Data[0] ; M20         ; -0.500       ; 1.333      ; 0.831      ;
; 0.203  ; CT2:D50|Data[0] ; CT2:D50|Data[0] ; M20             ; M20         ; 0.000        ; 0.000      ; 0.351      ;
; 0.203  ; CT2:D50|Data[2] ; CT2:D50|Data[2] ; M20             ; M20         ; 0.000        ; 0.000      ; 0.351      ;
; 0.203  ; CT2:D44|Data[2] ; CT2:D44|Data[2] ; M20             ; M20         ; 0.000        ; 0.000      ; 0.351      ;
; 0.203  ; CT2:D44|Data[3] ; CT2:D44|Data[3] ; M20             ; M20         ; 0.000        ; 0.000      ; 0.351      ;
; 0.233  ; CT2:D50|Data[1] ; CT2:D50|Data[2] ; M20             ; M20         ; 0.000        ; 0.000      ; 0.381      ;
; 0.284  ; CT2:D50|Data[2] ; CT2:D50|Data[1] ; M20             ; M20         ; 0.000        ; 0.000      ; 0.432      ;
; 0.304  ; CT2:D50|Data[2] ; CT2:D50|Data[0] ; M20             ; M20         ; 0.000        ; 0.000      ; 0.452      ;
; 0.309  ; CT2:D44|Data[2] ; CT2:D44|Data[3] ; M20             ; M20         ; 0.000        ; 0.000      ; 0.457      ;
; 0.362  ; CT2:D50|Data[2] ; CT2:D50|Data[3] ; M20             ; M20         ; 0.000        ; 0.000      ; 0.510      ;
; 0.389  ; CT2:D50|Data[0] ; CT2:D50|Data[1] ; M20             ; M20         ; 0.000        ; 0.000      ; 0.537      ;
; 0.393  ; CT2:D50|Data[1] ; CT2:D50|Data[3] ; M20             ; M20         ; 0.000        ; 0.000      ; 0.541      ;
; 0.425  ; CT2:D50|Data[0] ; CT2:D50|Data[2] ; M20             ; M20         ; 0.000        ; 0.000      ; 0.573      ;
; 0.506  ; CT2:D50|Data[1] ; CT2:D50|Data[1] ; M20             ; M20         ; 0.000        ; 0.000      ; 0.654      ;
; 0.507  ; CT2:D50|Data[0] ; CT2:D50|Data[3] ; M20             ; M20         ; 0.000        ; 0.000      ; 0.655      ;
+--------+-----------------+-----------------+-----------------+-------------+--------------+------------+------------+


+-----------------------------------------------------------------------------------------------------------------+
; Fast Model Hold: 'CT2:D44|Data[0]'                                                                              ;
+-------+-----------------+----------+-----------------+-----------------+--------------+------------+------------+
; Slack ; From Node       ; To Node  ; Launch Clock    ; Latch Clock     ; Relationship ; Clock Skew ; Data Delay ;
+-------+-----------------+----------+-----------------+-----------------+--------------+------------+------------+
; 0.225 ; T:D25|RF        ; T:D27|RF ; CT2:D44|Data[0] ; CT2:D44|Data[0] ; 0.000        ; 0.000      ; 0.373      ;
; 0.705 ; CT2:D44|Data[2] ; T:D25|RF ; M20             ; CT2:D44|Data[0] ; 0.000        ; -0.255     ; 0.598      ;
+-------+-----------------+----------+-----------------+-----------------+--------------+------------+------------+


+------------------------------------------------------------------------------------------------------------------------+
; Fast Model Hold: 'CT2:D50|Data[3]'                                                                                     ;
+-------+-----------------+-----------------+-----------------+-----------------+--------------+------------+------------+
; Slack ; From Node       ; To Node         ; Launch Clock    ; Latch Clock     ; Relationship ; Clock Skew ; Data Delay ;
+-------+-----------------+-----------------+-----------------+-----------------+--------------+------------+------------+
; 0.228 ; T:inst6|RI~reg0 ; T:inst6|RF      ; CT2:D50|Data[3] ; CT2:D50|Data[3] ; 0.000        ; 0.000      ; 0.376      ;
; 0.252 ; T:inst6|RF      ; T:inst6|RI~reg0 ; CT2:D50|Data[3] ; CT2:D50|Data[3] ; 0.000        ; 0.000      ; 0.400      ;
+-------+-----------------+-----------------+-----------------+-----------------+--------------+------------+------------+


+----------------------------------------------------------------------------------------------------------------------+
; Fast Model Hold: 'CT2:D44|Data[1]'                                                                                   ;
+-------+-----------------+---------------+-----------------+-----------------+--------------+------------+------------+
; Slack ; From Node       ; To Node       ; Launch Clock    ; Latch Clock     ; Relationship ; Clock Skew ; Data Delay ;
+-------+-----------------+---------------+-----------------+-----------------+--------------+------------+------------+
; 0.244 ; T:D26|RF        ; T:D26|RI~reg0 ; CT2:D44|Data[1] ; CT2:D44|Data[1] ; 0.000        ; 0.000      ; 0.392      ;
; 0.703 ; CT2:D44|Data[2] ; T:D26|RF      ; M20             ; CT2:D44|Data[1] ; 0.000        ; -0.251     ; 0.600      ;
+-------+-----------------+---------------+-----------------+-----------------+--------------+------------+------------+


+-------------------------------------------------------------------------------------------------------+
; Fast Model Minimum Pulse Width: 'M20'                                                                 ;
+--------+--------------+----------------+------------------+-------+------------+----------------------+
; Slack  ; Actual Width ; Required Width ; Type             ; Clock ; Clock Edge ; Target               ;
+--------+--------------+----------------+------------------+-------+------------+----------------------+
; -1.380 ; 1.000        ; 2.380          ; Port Rate        ; M20   ; Rise       ; M20                  ;
; -0.500 ; 0.500        ; 1.000          ; High Pulse Width ; M20   ; Rise       ; CT2:D44|Data[0]      ;
; -0.500 ; 0.500        ; 1.000          ; Low Pulse Width  ; M20   ; Rise       ; CT2:D44|Data[0]      ;
; -0.500 ; 0.500        ; 1.000          ; High Pulse Width ; M20   ; Rise       ; CT2:D44|Data[1]      ;
; -0.500 ; 0.500        ; 1.000          ; Low Pulse Width  ; M20   ; Rise       ; CT2:D44|Data[1]      ;
; -0.500 ; 0.500        ; 1.000          ; High Pulse Width ; M20   ; Rise       ; CT2:D44|Data[2]      ;
; -0.500 ; 0.500        ; 1.000          ; Low Pulse Width  ; M20   ; Rise       ; CT2:D44|Data[2]      ;
; -0.500 ; 0.500        ; 1.000          ; High Pulse Width ; M20   ; Rise       ; CT2:D44|Data[3]      ;
; -0.500 ; 0.500        ; 1.000          ; Low Pulse Width  ; M20   ; Rise       ; CT2:D44|Data[3]      ;
; -0.500 ; 0.500        ; 1.000          ; High Pulse Width ; M20   ; Rise       ; CT2:D50|Data[0]      ;
; -0.500 ; 0.500        ; 1.000          ; Low Pulse Width  ; M20   ; Rise       ; CT2:D50|Data[0]      ;
; -0.500 ; 0.500        ; 1.000          ; High Pulse Width ; M20   ; Rise       ; CT2:D50|Data[1]      ;
; -0.500 ; 0.500        ; 1.000          ; Low Pulse Width  ; M20   ; Rise       ; CT2:D50|Data[1]      ;
; -0.500 ; 0.500        ; 1.000          ; High Pulse Width ; M20   ; Rise       ; CT2:D50|Data[2]      ;
; -0.500 ; 0.500        ; 1.000          ; Low Pulse Width  ; M20   ; Rise       ; CT2:D50|Data[2]      ;
; -0.500 ; 0.500        ; 1.000          ; High Pulse Width ; M20   ; Rise       ; CT2:D50|Data[3]      ;
; -0.500 ; 0.500        ; 1.000          ; Low Pulse Width  ; M20   ; Rise       ; CT2:D50|Data[3]      ;
; 0.500  ; 0.500        ; 0.000          ; High Pulse Width ; M20   ; Rise       ; D44|Data[0]|clk      ;
; 0.500  ; 0.500        ; 0.000          ; Low Pulse Width  ; M20   ; Rise       ; D44|Data[0]|clk      ;
; 0.500  ; 0.500        ; 0.000          ; High Pulse Width ; M20   ; Rise       ; D44|Data[1]|clk      ;
; 0.500  ; 0.500        ; 0.000          ; Low Pulse Width  ; M20   ; Rise       ; D44|Data[1]|clk      ;
; 0.500  ; 0.500        ; 0.000          ; High Pulse Width ; M20   ; Rise       ; D44|Data[2]|clk      ;
; 0.500  ; 0.500        ; 0.000          ; Low Pulse Width  ; M20   ; Rise       ; D44|Data[2]|clk      ;
; 0.500  ; 0.500        ; 0.000          ; High Pulse Width ; M20   ; Rise       ; D44|Data[3]|clk      ;
; 0.500  ; 0.500        ; 0.000          ; Low Pulse Width  ; M20   ; Rise       ; D44|Data[3]|clk      ;
; 0.500  ; 0.500        ; 0.000          ; High Pulse Width ; M20   ; Rise       ; D50|Data[0]|clk      ;
; 0.500  ; 0.500        ; 0.000          ; Low Pulse Width  ; M20   ; Rise       ; D50|Data[0]|clk      ;
; 0.500  ; 0.500        ; 0.000          ; High Pulse Width ; M20   ; Rise       ; D50|Data[1]|clk      ;
; 0.500  ; 0.500        ; 0.000          ; Low Pulse Width  ; M20   ; Rise       ; D50|Data[1]|clk      ;
; 0.500  ; 0.500        ; 0.000          ; High Pulse Width ; M20   ; Rise       ; D50|Data[2]|clk      ;
; 0.500  ; 0.500        ; 0.000          ; Low Pulse Width  ; M20   ; Rise       ; D50|Data[2]|clk      ;
; 0.500  ; 0.500        ; 0.000          ; High Pulse Width ; M20   ; Rise       ; D50|Data[3]|clk      ;
; 0.500  ; 0.500        ; 0.000          ; Low Pulse Width  ; M20   ; Rise       ; D50|Data[3]|clk      ;
; 0.500  ; 0.500        ; 0.000          ; High Pulse Width ; M20   ; Rise       ; M20|combout          ;
; 0.500  ; 0.500        ; 0.000          ; Low Pulse Width  ; M20   ; Rise       ; M20|combout          ;
; 0.500  ; 0.500        ; 0.000          ; High Pulse Width ; M20   ; Rise       ; M20~clkctrl|inclk[0] ;
; 0.500  ; 0.500        ; 0.000          ; Low Pulse Width  ; M20   ; Rise       ; M20~clkctrl|inclk[0] ;
; 0.500  ; 0.500        ; 0.000          ; High Pulse Width ; M20   ; Rise       ; M20~clkctrl|outclk   ;
; 0.500  ; 0.500        ; 0.000          ; Low Pulse Width  ; M20   ; Rise       ; M20~clkctrl|outclk   ;
+--------+--------------+----------------+------------------+-------+------------+----------------------+


+-------------------------------------------------------------------------------------------------------------------------+
; Fast Model Minimum Pulse Width: 'CT2:D44|Data[0]'                                                                       ;
+--------+--------------+----------------+------------------+-----------------+------------+------------------------------+
; Slack  ; Actual Width ; Required Width ; Type             ; Clock           ; Clock Edge ; Target                       ;
+--------+--------------+----------------+------------------+-----------------+------------+------------------------------+
; -0.500 ; 0.500        ; 1.000          ; High Pulse Width ; CT2:D44|Data[0] ; Rise       ; T:D25|RF                     ;
; -0.500 ; 0.500        ; 1.000          ; Low Pulse Width  ; CT2:D44|Data[0] ; Rise       ; T:D25|RF                     ;
; -0.500 ; 0.500        ; 1.000          ; High Pulse Width ; CT2:D44|Data[0] ; Rise       ; T:D27|RF                     ;
; -0.500 ; 0.500        ; 1.000          ; Low Pulse Width  ; CT2:D44|Data[0] ; Rise       ; T:D27|RF                     ;
; 0.500  ; 0.500        ; 0.000          ; High Pulse Width ; CT2:D44|Data[0] ; Rise       ; D25|RF|clk                   ;
; 0.500  ; 0.500        ; 0.000          ; Low Pulse Width  ; CT2:D44|Data[0] ; Rise       ; D25|RF|clk                   ;
; 0.500  ; 0.500        ; 0.000          ; High Pulse Width ; CT2:D44|Data[0] ; Rise       ; D27|RF|clk                   ;
; 0.500  ; 0.500        ; 0.000          ; Low Pulse Width  ; CT2:D44|Data[0] ; Rise       ; D27|RF|clk                   ;
; 0.500  ; 0.500        ; 0.000          ; High Pulse Width ; CT2:D44|Data[0] ; Rise       ; D44|Data[0]|regout           ;
; 0.500  ; 0.500        ; 0.000          ; Low Pulse Width  ; CT2:D44|Data[0] ; Rise       ; D44|Data[0]|regout           ;
; 0.500  ; 0.500        ; 0.000          ; High Pulse Width ; CT2:D44|Data[0] ; Rise       ; D44|Data[0]~clkctrl|inclk[0] ;
; 0.500  ; 0.500        ; 0.000          ; Low Pulse Width  ; CT2:D44|Data[0] ; Rise       ; D44|Data[0]~clkctrl|inclk[0] ;
; 0.500  ; 0.500        ; 0.000          ; High Pulse Width ; CT2:D44|Data[0] ; Rise       ; D44|Data[0]~clkctrl|outclk   ;
; 0.500  ; 0.500        ; 0.000          ; Low Pulse Width  ; CT2:D44|Data[0] ; Rise       ; D44|Data[0]~clkctrl|outclk   ;
+--------+--------------+----------------+------------------+-----------------+------------+------------------------------+


+-------------------------------------------------------------------------------------------------------------------------+
; Fast Model Minimum Pulse Width: 'CT2:D44|Data[1]'                                                                       ;
+--------+--------------+----------------+------------------+-----------------+------------+------------------------------+
; Slack  ; Actual Width ; Required Width ; Type             ; Clock           ; Clock Edge ; Target                       ;
+--------+--------------+----------------+------------------+-----------------+------------+------------------------------+
; -0.500 ; 0.500        ; 1.000          ; High Pulse Width ; CT2:D44|Data[1] ; Rise       ; T:D26|RF                     ;
; -0.500 ; 0.500        ; 1.000          ; Low Pulse Width  ; CT2:D44|Data[1] ; Rise       ; T:D26|RF                     ;
; -0.500 ; 0.500        ; 1.000          ; High Pulse Width ; CT2:D44|Data[1] ; Rise       ; T:D26|RI~reg0                ;
; -0.500 ; 0.500        ; 1.000          ; Low Pulse Width  ; CT2:D44|Data[1] ; Rise       ; T:D26|RI~reg0                ;
; 0.500  ; 0.500        ; 0.000          ; High Pulse Width ; CT2:D44|Data[1] ; Rise       ; D26|RF|clk                   ;
; 0.500  ; 0.500        ; 0.000          ; Low Pulse Width  ; CT2:D44|Data[1] ; Rise       ; D26|RF|clk                   ;
; 0.500  ; 0.500        ; 0.000          ; High Pulse Width ; CT2:D44|Data[1] ; Rise       ; D26|RI~reg0|clk              ;
; 0.500  ; 0.500        ; 0.000          ; Low Pulse Width  ; CT2:D44|Data[1] ; Rise       ; D26|RI~reg0|clk              ;
; 0.500  ; 0.500        ; 0.000          ; High Pulse Width ; CT2:D44|Data[1] ; Rise       ; D44|Data[1]|regout           ;
; 0.500  ; 0.500        ; 0.000          ; Low Pulse Width  ; CT2:D44|Data[1] ; Rise       ; D44|Data[1]|regout           ;
; 0.500  ; 0.500        ; 0.000          ; High Pulse Width ; CT2:D44|Data[1] ; Rise       ; D44|Data[1]~clkctrl|inclk[0] ;
; 0.500  ; 0.500        ; 0.000          ; Low Pulse Width  ; CT2:D44|Data[1] ; Rise       ; D44|Data[1]~clkctrl|inclk[0] ;
; 0.500  ; 0.500        ; 0.000          ; High Pulse Width ; CT2:D44|Data[1] ; Rise       ; D44|Data[1]~clkctrl|outclk   ;
; 0.500  ; 0.500        ; 0.000          ; Low Pulse Width  ; CT2:D44|Data[1] ; Rise       ; D44|Data[1]~clkctrl|outclk   ;
+--------+--------------+----------------+------------------+-----------------+------------+------------------------------+


+-------------------------------------------------------------------------------------------------------------------------+
; Fast Model Minimum Pulse Width: 'CT2:D50|Data[3]'                                                                       ;
+--------+--------------+----------------+------------------+-----------------+------------+------------------------------+
; Slack  ; Actual Width ; Required Width ; Type             ; Clock           ; Clock Edge ; Target                       ;
+--------+--------------+----------------+------------------+-----------------+------------+------------------------------+
; -0.500 ; 0.500        ; 1.000          ; High Pulse Width ; CT2:D50|Data[3] ; Rise       ; T:inst6|RF                   ;
; -0.500 ; 0.500        ; 1.000          ; Low Pulse Width  ; CT2:D50|Data[3] ; Rise       ; T:inst6|RF                   ;
; -0.500 ; 0.500        ; 1.000          ; High Pulse Width ; CT2:D50|Data[3] ; Rise       ; T:inst6|RI~reg0              ;
; -0.500 ; 0.500        ; 1.000          ; Low Pulse Width  ; CT2:D50|Data[3] ; Rise       ; T:inst6|RI~reg0              ;
; 0.500  ; 0.500        ; 0.000          ; High Pulse Width ; CT2:D50|Data[3] ; Rise       ; D50|Data[3]|regout           ;
; 0.500  ; 0.500        ; 0.000          ; Low Pulse Width  ; CT2:D50|Data[3] ; Rise       ; D50|Data[3]|regout           ;
; 0.500  ; 0.500        ; 0.000          ; High Pulse Width ; CT2:D50|Data[3] ; Rise       ; D50|Data[3]~clkctrl|inclk[0] ;
; 0.500  ; 0.500        ; 0.000          ; Low Pulse Width  ; CT2:D50|Data[3] ; Rise       ; D50|Data[3]~clkctrl|inclk[0] ;
; 0.500  ; 0.500        ; 0.000          ; High Pulse Width ; CT2:D50|Data[3] ; Rise       ; D50|Data[3]~clkctrl|outclk   ;
; 0.500  ; 0.500        ; 0.000          ; Low Pulse Width  ; CT2:D50|Data[3] ; Rise       ; D50|Data[3]~clkctrl|outclk   ;
; 0.500  ; 0.500        ; 0.000          ; High Pulse Width ; CT2:D50|Data[3] ; Rise       ; inst6|RF|clk                 ;
; 0.500  ; 0.500        ; 0.000          ; Low Pulse Width  ; CT2:D50|Data[3] ; Rise       ; inst6|RF|clk                 ;
; 0.500  ; 0.500        ; 0.000          ; High Pulse Width ; CT2:D50|Data[3] ; Rise       ; inst6|RI~reg0|clk            ;
; 0.500  ; 0.500        ; 0.000          ; Low Pulse Width  ; CT2:D50|Data[3] ; Rise       ; inst6|RI~reg0|clk            ;
+--------+--------------+----------------+------------------+-----------------+------------+------------------------------+


+------------------------------------------------------------------------------+
; Setup Times                                                                  ;
+-----------+-----------------+--------+--------+------------+-----------------+
; Data Port ; Clock Port      ; Rise   ; Fall   ; Clock Edge ; Clock Reference ;
+-----------+-----------------+--------+--------+------------+-----------------+
; A1        ; CT2:D44|Data[0] ; -0.008 ; -0.008 ; Rise       ; CT2:D44|Data[0] ;
; B1        ; CT2:D44|Data[0] ; -0.171 ; -0.171 ; Rise       ; CT2:D44|Data[0] ;
; A1        ; CT2:D44|Data[1] ; -0.010 ; -0.010 ; Rise       ; CT2:D44|Data[1] ;
; C1        ; CT2:D50|Data[3] ; 2.283  ; 2.283  ; Rise       ; CT2:D50|Data[3] ;
; B1        ; M20             ; -0.436 ; -0.436 ; Rise       ; M20             ;
; C1        ; M20             ; 2.233  ; 2.233  ; Rise       ; M20             ;
; GND       ; M20             ; 0.000  ; 0.000  ; Rise       ; M20             ;
+-----------+-----------------+--------+--------+------------+-----------------+


+------------------------------------------------------------------------------+
; Hold Times                                                                   ;
+-----------+-----------------+--------+--------+------------+-----------------+
; Data Port ; Clock Port      ; Rise   ; Fall   ; Clock Edge ; Clock Reference ;
+-----------+-----------------+--------+--------+------------+-----------------+
; A1        ; CT2:D44|Data[0] ; 0.126  ; 0.126  ; Rise       ; CT2:D44|Data[0] ;
; B1        ; CT2:D44|Data[0] ; 0.289  ; 0.289  ; Rise       ; CT2:D44|Data[0] ;
; A1        ; CT2:D44|Data[1] ; 0.128  ; 0.128  ; Rise       ; CT2:D44|Data[1] ;
; C1        ; CT2:D50|Data[3] ; -2.165 ; -2.165 ; Rise       ; CT2:D50|Data[3] ;
; B1        ; M20             ; 0.687  ; 0.687  ; Rise       ; M20             ;
; C1        ; M20             ; -1.878 ; -1.878 ; Rise       ; M20             ;
; GND       ; M20             ; 0.118  ; 0.118  ; Rise       ; M20             ;
+-----------+-----------------+--------+--------+------------+-----------------+


+----------------------------------------------------------------------------+
; Clock to Output Times                                                      ;
+-----------+-----------------+-------+-------+------------+-----------------+
; Data Port ; Clock Port      ; Rise  ; Fall  ; Clock Edge ; Clock Reference ;
+-----------+-----------------+-------+-------+------------+-----------------+
; M10       ; CT2:D44|Data[0] ; 1.704 ;       ; Rise       ; CT2:D44|Data[0] ;
; M_2_5     ; CT2:D44|Data[0] ; 1.724 ;       ; Rise       ; CT2:D44|Data[0] ;
; nCAS      ; CT2:D44|Data[0] ; 2.997 ; 2.997 ; Rise       ; CT2:D44|Data[0] ;
; nF1T      ; CT2:D44|Data[0] ; 3.277 ; 3.277 ; Rise       ; CT2:D44|Data[0] ;
; nRAS      ; CT2:D44|Data[0] ; 3.269 ; 3.269 ; Rise       ; CT2:D44|Data[0] ;
; M10       ; CT2:D44|Data[0] ;       ; 1.704 ; Fall       ; CT2:D44|Data[0] ;
; M_2_5     ; CT2:D44|Data[0] ;       ; 1.724 ; Fall       ; CT2:D44|Data[0] ;
; nF1T      ; CT2:D44|Data[0] ;       ; 2.122 ; Fall       ; CT2:D44|Data[0] ;
; M5        ; CT2:D44|Data[1] ; 1.702 ;       ; Rise       ; CT2:D44|Data[1] ;
; nF2T      ; CT2:D44|Data[1] ; 3.005 ; 3.005 ; Rise       ; CT2:D44|Data[1] ;
; nRAS      ; CT2:D44|Data[1] ; 3.230 ; 3.230 ; Rise       ; CT2:D44|Data[1] ;
; M5        ; CT2:D44|Data[1] ;       ; 1.702 ; Fall       ; CT2:D44|Data[1] ;
; M1        ; CT2:D50|Data[3] ; 2.896 ; 2.896 ; Rise       ; CT2:D50|Data[3] ;
; M2        ; CT2:D50|Data[3] ; 1.716 ;       ; Rise       ; CT2:D50|Data[3] ;
; M2        ; CT2:D50|Data[3] ;       ; 1.716 ; Fall       ; CT2:D50|Data[3] ;
; M1_25     ; M20             ; 3.255 ; 3.255 ; Rise       ; M20             ;
; M2_5      ; M20             ; 3.173 ; 3.173 ; Rise       ; M20             ;
; M4        ; M20             ; 3.183 ; 3.183 ; Rise       ; M20             ;
+-----------+-----------------+-------+-------+------------+-----------------+


+----------------------------------------------------------------------------+
; Minimum Clock to Output Times                                              ;
+-----------+-----------------+-------+-------+------------+-----------------+
; Data Port ; Clock Port      ; Rise  ; Fall  ; Clock Edge ; Clock Reference ;
+-----------+-----------------+-------+-------+------------+-----------------+
; M10       ; CT2:D44|Data[0] ; 1.704 ;       ; Rise       ; CT2:D44|Data[0] ;
; M_2_5     ; CT2:D44|Data[0] ; 1.724 ;       ; Rise       ; CT2:D44|Data[0] ;
; nCAS      ; CT2:D44|Data[0] ; 2.997 ; 2.997 ; Rise       ; CT2:D44|Data[0] ;
; nF1T      ; CT2:D44|Data[0] ; 2.122 ; 3.277 ; Rise       ; CT2:D44|Data[0] ;
; nRAS      ; CT2:D44|Data[0] ; 3.269 ; 3.269 ; Rise       ; CT2:D44|Data[0] ;
; M10       ; CT2:D44|Data[0] ;       ; 1.704 ; Fall       ; CT2:D44|Data[0] ;
; M_2_5     ; CT2:D44|Data[0] ;       ; 1.724 ; Fall       ; CT2:D44|Data[0] ;
; nF1T      ; CT2:D44|Data[0] ;       ; 2.122 ; Fall       ; CT2:D44|Data[0] ;
; M5        ; CT2:D44|Data[1] ; 1.702 ;       ; Rise       ; CT2:D44|Data[1] ;
; nF2T      ; CT2:D44|Data[1] ; 3.005 ; 3.005 ; Rise       ; CT2:D44|Data[1] ;
; nRAS      ; CT2:D44|Data[1] ; 3.230 ; 3.230 ; Rise       ; CT2:D44|Data[1] ;
; M5        ; CT2:D44|Data[1] ;       ; 1.702 ; Fall       ; CT2:D44|Data[1] ;
; M1        ; CT2:D50|Data[3] ; 2.896 ; 2.896 ; Rise       ; CT2:D50|Data[3] ;
; M2        ; CT2:D50|Data[3] ; 1.716 ;       ; Rise       ; CT2:D50|Data[3] ;
; M2        ; CT2:D50|Data[3] ;       ; 1.716 ; Fall       ; CT2:D50|Data[3] ;
; M1_25     ; M20             ; 3.255 ; 3.255 ; Rise       ; M20             ;
; M2_5      ; M20             ; 3.173 ; 3.173 ; Rise       ; M20             ;
; M4        ; M20             ; 3.183 ; 3.183 ; Rise       ; M20             ;
+-----------+-----------------+-------+-------+------------+-----------------+


+-------------------------------------------------------------------------------+
; Multicorner Timing Analysis Summary                                           ;
+------------------+--------+--------+----------+---------+---------------------+
; Clock            ; Setup  ; Hold   ; Recovery ; Removal ; Minimum Pulse Width ;
+------------------+--------+--------+----------+---------+---------------------+
; Worst-case Slack ; -1.204 ; -2.533 ; N/A      ; N/A     ; -1.941              ;
;  CT2:D44|Data[0] ; -1.204 ; 0.225  ; N/A      ; N/A     ; -0.742              ;
;  CT2:D44|Data[1] ; -1.198 ; 0.244  ; N/A      ; N/A     ; -0.742              ;
;  CT2:D50|Data[3] ; -0.021 ; 0.228  ; N/A      ; N/A     ; -0.742              ;
;  M20             ; -1.022 ; -2.533 ; N/A      ; N/A     ; -1.941              ;
; Design-wide TNS  ; -5.846 ; -9.596 ; 0.0      ; 0.0     ; -22.717             ;
;  CT2:D44|Data[0] ; -1.213 ; 0.000  ; N/A      ; N/A     ; -2.968              ;
;  CT2:D44|Data[1] ; -1.202 ; 0.000  ; N/A      ; N/A     ; -2.968              ;
;  CT2:D50|Data[3] ; -0.029 ; 0.000  ; N/A      ; N/A     ; -2.968              ;
;  M20             ; -3.402 ; -9.596 ; N/A      ; N/A     ; -13.813             ;
+------------------+--------+--------+----------+---------+---------------------+


+------------------------------------------------------------------------------+
; Setup Times                                                                  ;
+-----------+-----------------+--------+--------+------------+-----------------+
; Data Port ; Clock Port      ; Rise   ; Fall   ; Clock Edge ; Clock Reference ;
+-----------+-----------------+--------+--------+------------+-----------------+
; A1        ; CT2:D44|Data[0] ; 0.712  ; 0.712  ; Rise       ; CT2:D44|Data[0] ;
; B1        ; CT2:D44|Data[0] ; 0.131  ; 0.131  ; Rise       ; CT2:D44|Data[0] ;
; A1        ; CT2:D44|Data[1] ; 0.706  ; 0.706  ; Rise       ; CT2:D44|Data[1] ;
; C1        ; CT2:D50|Data[3] ; 5.070  ; 5.070  ; Rise       ; CT2:D50|Data[3] ;
; B1        ; M20             ; -0.259 ; -0.259 ; Rise       ; M20             ;
; C1        ; M20             ; 5.459  ; 5.459  ; Rise       ; M20             ;
; GND       ; M20             ; 1.081  ; 1.081  ; Rise       ; M20             ;
+-----------+-----------------+--------+--------+------------+-----------------+


+------------------------------------------------------------------------------+
; Hold Times                                                                   ;
+-----------+-----------------+--------+--------+------------+-----------------+
; Data Port ; Clock Port      ; Rise   ; Fall   ; Clock Edge ; Clock Reference ;
+-----------+-----------------+--------+--------+------------+-----------------+
; A1        ; CT2:D44|Data[0] ; 0.126  ; 0.126  ; Rise       ; CT2:D44|Data[0] ;
; B1        ; CT2:D44|Data[0] ; 0.289  ; 0.289  ; Rise       ; CT2:D44|Data[0] ;
; A1        ; CT2:D44|Data[1] ; 0.128  ; 0.128  ; Rise       ; CT2:D44|Data[1] ;
; C1        ; CT2:D50|Data[3] ; -2.165 ; -2.165 ; Rise       ; CT2:D50|Data[3] ;
; B1        ; M20             ; 1.007  ; 1.007  ; Rise       ; M20             ;
; C1        ; M20             ; -1.878 ; -1.878 ; Rise       ; M20             ;
; GND       ; M20             ; 0.118  ; 0.118  ; Rise       ; M20             ;
+-----------+-----------------+--------+--------+------------+-----------------+


+----------------------------------------------------------------------------+
; Clock to Output Times                                                      ;
+-----------+-----------------+-------+-------+------------+-----------------+
; Data Port ; Clock Port      ; Rise  ; Fall  ; Clock Edge ; Clock Reference ;
+-----------+-----------------+-------+-------+------------+-----------------+
; M10       ; CT2:D44|Data[0] ; 4.163 ;       ; Rise       ; CT2:D44|Data[0] ;
; M_2_5     ; CT2:D44|Data[0] ; 4.183 ;       ; Rise       ; CT2:D44|Data[0] ;
; nCAS      ; CT2:D44|Data[0] ; 7.070 ; 7.070 ; Rise       ; CT2:D44|Data[0] ;
; nF1T      ; CT2:D44|Data[0] ; 8.116 ; 8.116 ; Rise       ; CT2:D44|Data[0] ;
; nRAS      ; CT2:D44|Data[0] ; 8.105 ; 8.105 ; Rise       ; CT2:D44|Data[0] ;
; M10       ; CT2:D44|Data[0] ;       ; 4.163 ; Fall       ; CT2:D44|Data[0] ;
; M_2_5     ; CT2:D44|Data[0] ;       ; 4.183 ; Fall       ; CT2:D44|Data[0] ;
; nF1T      ; CT2:D44|Data[0] ;       ; 5.711 ; Fall       ; CT2:D44|Data[0] ;
; M5        ; CT2:D44|Data[1] ; 4.157 ;       ; Rise       ; CT2:D44|Data[1] ;
; nF2T      ; CT2:D44|Data[1] ; 7.078 ; 7.078 ; Rise       ; CT2:D44|Data[1] ;
; nRAS      ; CT2:D44|Data[1] ; 7.842 ; 7.842 ; Rise       ; CT2:D44|Data[1] ;
; M5        ; CT2:D44|Data[1] ;       ; 4.157 ; Fall       ; CT2:D44|Data[1] ;
; M1        ; CT2:D50|Data[3] ; 6.711 ; 6.711 ; Rise       ; CT2:D50|Data[3] ;
; M2        ; CT2:D50|Data[3] ; 4.171 ;       ; Rise       ; CT2:D50|Data[3] ;
; M2        ; CT2:D50|Data[3] ;       ; 4.171 ; Fall       ; CT2:D50|Data[3] ;
; M1_25     ; M20             ; 7.474 ; 7.474 ; Rise       ; M20             ;
; M2_5      ; M20             ; 7.186 ; 7.186 ; Rise       ; M20             ;
; M4        ; M20             ; 7.174 ; 7.174 ; Rise       ; M20             ;
+-----------+-----------------+-------+-------+------------+-----------------+


+----------------------------------------------------------------------------+
; Minimum Clock to Output Times                                              ;
+-----------+-----------------+-------+-------+------------+-----------------+
; Data Port ; Clock Port      ; Rise  ; Fall  ; Clock Edge ; Clock Reference ;
+-----------+-----------------+-------+-------+------------+-----------------+
; M10       ; CT2:D44|Data[0] ; 1.704 ;       ; Rise       ; CT2:D44|Data[0] ;
; M_2_5     ; CT2:D44|Data[0] ; 1.724 ;       ; Rise       ; CT2:D44|Data[0] ;
; nCAS      ; CT2:D44|Data[0] ; 2.997 ; 2.997 ; Rise       ; CT2:D44|Data[0] ;
; nF1T      ; CT2:D44|Data[0] ; 2.122 ; 3.277 ; Rise       ; CT2:D44|Data[0] ;
; nRAS      ; CT2:D44|Data[0] ; 3.269 ; 3.269 ; Rise       ; CT2:D44|Data[0] ;
; M10       ; CT2:D44|Data[0] ;       ; 1.704 ; Fall       ; CT2:D44|Data[0] ;
; M_2_5     ; CT2:D44|Data[0] ;       ; 1.724 ; Fall       ; CT2:D44|Data[0] ;
; nF1T      ; CT2:D44|Data[0] ;       ; 2.122 ; Fall       ; CT2:D44|Data[0] ;
; M5        ; CT2:D44|Data[1] ; 1.702 ;       ; Rise       ; CT2:D44|Data[1] ;
; nF2T      ; CT2:D44|Data[1] ; 3.005 ; 3.005 ; Rise       ; CT2:D44|Data[1] ;
; nRAS      ; CT2:D44|Data[1] ; 3.230 ; 3.230 ; Rise       ; CT2:D44|Data[1] ;
; M5        ; CT2:D44|Data[1] ;       ; 1.702 ; Fall       ; CT2:D44|Data[1] ;
; M1        ; CT2:D50|Data[3] ; 2.896 ; 2.896 ; Rise       ; CT2:D50|Data[3] ;
; M2        ; CT2:D50|Data[3] ; 1.716 ;       ; Rise       ; CT2:D50|Data[3] ;
; M2        ; CT2:D50|Data[3] ;       ; 1.716 ; Fall       ; CT2:D50|Data[3] ;
; M1_25     ; M20             ; 3.255 ; 3.255 ; Rise       ; M20             ;
; M2_5      ; M20             ; 3.173 ; 3.173 ; Rise       ; M20             ;
; M4        ; M20             ; 3.183 ; 3.183 ; Rise       ; M20             ;
+-----------+-----------------+-------+-------+------------+-----------------+


+-------------------------------------------------------------------------------+
; Setup Transfers                                                               ;
+-----------------+-----------------+----------+----------+----------+----------+
; From Clock      ; To Clock        ; RR Paths ; FR Paths ; RF Paths ; FF Paths ;
+-----------------+-----------------+----------+----------+----------+----------+
; CT2:D44|Data[0] ; CT2:D44|Data[0] ; 1        ; 0        ; 0        ; 0        ;
; M20             ; CT2:D44|Data[0] ; 1        ; 0        ; 0        ; 0        ;
; CT2:D44|Data[1] ; CT2:D44|Data[1] ; 1        ; 0        ; 0        ; 0        ;
; M20             ; CT2:D44|Data[1] ; 1        ; 0        ; 0        ; 0        ;
; CT2:D50|Data[3] ; CT2:D50|Data[3] ; 2        ; 0        ; 0        ; 0        ;
; CT2:D44|Data[0] ; M20             ; 4        ; 4        ; 0        ; 0        ;
; CT2:D44|Data[1] ; M20             ; 3        ; 3        ; 0        ; 0        ;
; CT2:D50|Data[3] ; M20             ; 2        ; 2        ; 0        ; 0        ;
; M20             ; M20             ; 15       ; 0        ; 0        ; 0        ;
+-----------------+-----------------+----------+----------+----------+----------+
Entries labeled "false path" only account for clock-to-clock false paths and not path-based false paths. As a result, actual path counts may be lower than reported.


+-------------------------------------------------------------------------------+
; Hold Transfers                                                                ;
+-----------------+-----------------+----------+----------+----------+----------+
; From Clock      ; To Clock        ; RR Paths ; FR Paths ; RF Paths ; FF Paths ;
+-----------------+-----------------+----------+----------+----------+----------+
; CT2:D44|Data[0] ; CT2:D44|Data[0] ; 1        ; 0        ; 0        ; 0        ;
; M20             ; CT2:D44|Data[0] ; 1        ; 0        ; 0        ; 0        ;
; CT2:D44|Data[1] ; CT2:D44|Data[1] ; 1        ; 0        ; 0        ; 0        ;
; M20             ; CT2:D44|Data[1] ; 1        ; 0        ; 0        ; 0        ;
; CT2:D50|Data[3] ; CT2:D50|Data[3] ; 2        ; 0        ; 0        ; 0        ;
; CT2:D44|Data[0] ; M20             ; 4        ; 4        ; 0        ; 0        ;
; CT2:D44|Data[1] ; M20             ; 3        ; 3        ; 0        ; 0        ;
; CT2:D50|Data[3] ; M20             ; 2        ; 2        ; 0        ; 0        ;
; M20             ; M20             ; 15       ; 0        ; 0        ; 0        ;
+-----------------+-----------------+----------+----------+----------+----------+
Entries labeled "false path" only account for clock-to-clock false paths and not path-based false paths. As a result, actual path counts may be lower than reported.


---------------
; Report TCCS ;
---------------
No dedicated SERDES Transmitter circuitry present in device or used in design


---------------
; Report RSKM ;
---------------
No dedicated SERDES Receiver circuitry present in device or used in design


+------------------------------------------------+
; Unconstrained Paths                            ;
+---------------------------------+-------+------+
; Property                        ; Setup ; Hold ;
+---------------------------------+-------+------+
; Illegal Clocks                  ; 0     ; 0    ;
; Unconstrained Clocks            ; 0     ; 0    ;
; Unconstrained Input Ports       ; 4     ; 4    ;
; Unconstrained Input Port Paths  ; 14    ; 14   ;
; Unconstrained Output Ports      ; 12    ; 12   ;
; Unconstrained Output Port Paths ; 14    ; 14   ;
+---------------------------------+-------+------+


+------------------------------------+
; TimeQuest Timing Analyzer Messages ;
+------------------------------------+
Info: *******************************************************************
Info: Running Quartus II 64-Bit TimeQuest Timing Analyzer
    Info: Version 13.0.1 Build 232 06/12/2013 Service Pack 1 SJ Web Edition
    Info: Processing started: Tue Dec 21 18:41:28 2021
Info: Command: quartus_sta Scheme -c Scheme
Info: qsta_default_script.tcl version: #1
Warning (20028): Parallel compilation is not licensed and has been disabled
Info (21077): Low junction temperature is -40 degrees C
Info (21077): High junction temperature is 125 degrees C
Critical Warning (332012): Synopsys Design Constraints File file not found: 'Scheme.sdc'. A Synopsys Design Constraints File is required by the TimeQuest Timing Analyzer to get proper timing constraints. Without it, the Compiler will not properly optimize the design.
Info (332142): No user constrained base clocks found in the design. Calling "derive_clocks -period 1.0"
Info (332105): Deriving Clocks
    Info (332105): create_clock -period 1.000 -name M20 M20
    Info (332105): create_clock -period 1.000 -name CT2:D50|Data[3] CT2:D50|Data[3]
    Info (332105): create_clock -period 1.000 -name CT2:D44|Data[1] CT2:D44|Data[1]
    Info (332105): create_clock -period 1.000 -name CT2:D44|Data[0] CT2:D44|Data[0]
Info: Found TIMEQUEST_REPORT_SCRIPT_INCLUDE_DEFAULT_ANALYSIS = ON
Info: Analyzing Slow Model
Critical Warning (332148): Timing requirements not met
Info (332146): Worst-case setup slack is -1.204
    Info (332119):     Slack End Point TNS Clock 
    Info (332119): ========= ============= =====================
    Info (332119):    -1.204        -1.213 CT2:D44|Data[0] 
    Info (332119):    -1.198        -1.202 CT2:D44|Data[1] 
    Info (332119):    -1.022        -3.402 M20 
    Info (332119):    -0.021        -0.029 CT2:D50|Data[3] 
Info (332146): Worst-case hold slack is -2.533
    Info (332119):     Slack End Point TNS Clock 
    Info (332119): ========= ============= =====================
    Info (332119):    -2.533        -9.596 M20 
    Info (332119):     0.738         0.000 CT2:D44|Data[1] 
    Info (332119):     0.742         0.000 CT2:D50|Data[3] 
    Info (332119):     0.743         0.000 CT2:D44|Data[0] 
Info (332140): No Recovery paths to report
Info (332140): No Removal paths to report
Info (332146): Worst-case minimum pulse width slack is -1.941
    Info (332119):     Slack End Point TNS Clock 
    Info (332119): ========= ============= =====================
    Info (332119):    -1.941       -13.813 M20 
    Info (332119):    -0.742        -2.968 CT2:D44|Data[0] 
    Info (332119):    -0.742        -2.968 CT2:D44|Data[1] 
    Info (332119):    -0.742        -2.968 CT2:D50|Data[3] 
Info (332001): The selected device family is not supported by the report_metastability command.
Info: Analyzing Fast Model
Info (332146): Worst-case setup slack is 0.177
    Info (332119):     Slack End Point TNS Clock 
    Info (332119): ========= ============= =====================
    Info (332119):     0.177         0.000 CT2:D44|Data[0] 
    Info (332119):     0.179         0.000 CT2:D44|Data[1] 
    Info (332119):     0.375         0.000 M20 
    Info (332119):     0.630         0.000 CT2:D50|Data[3] 
Critical Warning (332148): Timing requirements not met
Info (332146): Worst-case hold slack is -1.278
    Info (332119):     Slack End Point TNS Clock 
    Info (332119): ========= ============= =====================
    Info (332119):    -1.278        -5.567 M20 
    Info (332119):     0.225         0.000 CT2:D44|Data[0] 
    Info (332119):     0.228         0.000 CT2:D50|Data[3] 
    Info (332119):     0.244         0.000 CT2:D44|Data[1] 
Info (332140): No Recovery paths to report
Info (332140): No Removal paths to report
Info (332146): Worst-case minimum pulse width slack is -1.380
    Info (332119):     Slack End Point TNS Clock 
    Info (332119): ========= ============= =====================
    Info (332119):    -1.380        -9.380 M20 
    Info (332119):    -0.500        -2.000 CT2:D44|Data[0] 
    Info (332119):    -0.500        -2.000 CT2:D44|Data[1] 
    Info (332119):    -0.500        -2.000 CT2:D50|Data[3] 
Info (332001): The selected device family is not supported by the report_metastability command.
Info (332102): Design is not fully constrained for setup requirements
Info (332102): Design is not fully constrained for hold requirements
Info: Quartus II 64-Bit TimeQuest Timing Analyzer was successful. 0 errors, 4 warnings
    Info: Peak virtual memory: 4532 megabytes
    Info: Processing ended: Tue Dec 21 18:41:29 2021
    Info: Elapsed time: 00:00:01
    Info: Total CPU time (on all processors): 00:00:00


